Command: vcs -R +v2k -full64 -f sim.f -debug_acc+all -l vcs_recip.log +memcbk +PAT_L=0+PAT_U=0 \
+define+FLAG_VERBOSE=1 +define+FLAG_DUMPWV=1 +define+END_CYCLES=100000
*** Using c compiler gcc instead of cc ...
                         Chronologic VCS (TM)
         Version N-2017.12_Full64 -- Sun Dec 14 16:42:49 2025
               Copyright (c) 1991-2017 by Synopsys Inc.
                         ALL RIGHTS RESERVED

This program is proprietary and confidential information of Synopsys Inc.
and may be used and disclosed only as authorized in a license agreement
controlling such use and disclosure.

Parsing design file 'fp64_recip_test.v'
Parsing design file '../hdl/fp64_recip.v'
Parsing design file '../hdl/LUT7.v'
Parsing design file '../../mul/hdl/wallace_131.v'
Parsing design file '../../mul/hdl/sub_58.v'
Parsing design file '../../mul/hdl/sub_13.v'
Parsing design file '../../mul/hdl/sub_12.v'
Parsing design file '../../mul/hdl/sub_107.v'
Parsing design file '../../mul/hdl/mul_64.v'
Parsing design file '../../mul/hdl/mul_53.v'
Parsing design file '../../mul/hdl/mul_16.v'
Parsing design file '../../mul/hdl/mul16_array_ntt.v'
Parsing design file '../../mul/hdl/mul16_array.v'
Parsing design file '../../mul/hdl/mul.v'
Parsing design file '../../mul/hdl/mont_sub.v'
Parsing design file '../../mul/hdl/mont_add.v'
Parsing design file '../../mul/hdl/LOD_64.v'
Parsing design file '../../mul/hdl/LOD_128.v'
Parsing design file '../../mul/hdl/HA.v'
Parsing design file '../../mul/hdl/fp_add.v'
Parsing design file '../../mul/hdl/fmul_rounder.v'
Parsing design file '../../mul/hdl/fmul_exp.v'
Parsing design file '../../mul/hdl/FA.v'
Parsing design file '../../mul/hdl/CLA_8.v'
Parsing design file '../../mul/hdl/CLA33.v'
Parsing design file '../../mul/hdl/CLA17.v'
Parsing design file '../../mul/hdl/butterfly.v'
Parsing design file '../../mul/hdl/add_58.v'
Parsing design file '../../mul/hdl/add_54.v'
Parsing design file '../../mul/hdl/add_53_overflow.v'
Parsing design file '../../mul/hdl/add_53.v'
Parsing design file '../../mul/hdl/add_13_overflow.v'
Parsing design file '../../mul/hdl/add_13.v'
Parsing design file '../../mul/hdl/add_12_overflow.v'
Parsing design file '../../mul/hdl/add_11_overflow.v'
Parsing design file '../../mul/hdl/add_107.v'
Top Level Modules:
       tb_fp64_reciprocal
       sub_107
       mul_64
       mul_53
       LOD_128
       butterfly
       add_54
       add_53
       add_12_overflow
TimeScale is 1 ns / 1 ps
Starting vcs inline pass...
27 modules and 0 UDP read.
recompiling module tb_fp64_reciprocal
recompiling module wallace_131
recompiling module sub_58
recompiling module sub_12
recompiling module sub_107
recompiling module mul_64
recompiling module mul_53
recompiling module mul_16
recompiling module mul16_array
recompiling module mul
recompiling module LOD_64
recompiling module LOD_128
recompiling module HA
recompiling module fp_add
recompiling module fmul_rounder
recompiling module fmul_exp
recompiling module FA
recompiling module CLA33
recompiling module CLA17
recompiling module butterfly
recompiling module add_54
recompiling module add_53_overflow
recompiling module add_53
recompiling module add_13
recompiling module add_12_overflow
recompiling module add_11_overflow
recompiling module add_107
All of 27 modules done
rm -f _csrc*.so pre_vcsobj_*.so share_vcsobj_*.so
if [ -x ../simv ]; then chmod -x ../simv; fi
g++  -o ../simv   -Wl,-rpath-link=./ -Wl,-rpath='$ORIGIN'/simv.daidir/ -Wl,-rpath=./simv.daidir/ \
-Wl,-rpath='$ORIGIN'/simv.daidir//scsim.db.dir  -rdynamic   objs/amcQw_d.o   _28132_archive_1.so \
SIM_l.o       rmapats_mop.o rmapats.o rmar.o rmar_nd.o  rmar_llvm_0_1.o rmar_llvm_0_0.o \
-lnuma /usr/cad/synopsys/vcs/2017.12/linux64/lib/libzerosoft_rt_stubs.so /usr/cad/synopsys/vcs/2017.12/linux64/lib/libvirsim.so \
/usr/cad/synopsys/vcs/2017.12/linux64/lib/liberrorinf.so /usr/cad/synopsys/vcs/2017.12/linux64/lib/libsnpsmalloc.so \
/usr/cad/synopsys/vcs/2017.12/linux64/lib/libvfs.so    /usr/cad/synopsys/vcs/2017.12/linux64/lib/libvcsnew.so \
/usr/cad/synopsys/vcs/2017.12/linux64/lib/libsimprofile.so /usr/cad/synopsys/vcs/2017.12/linux64/lib/libuclinative.so \
/usr/cad/synopsys/vcs/2017.12/linux64/lib/vcs_tls.o   -Wl,-whole-archive /usr/cad/synopsys/vcs/2017.12/linux64/lib/libvcsucli.so \
-Wl,-no-whole-archive        _vcs_pli_stub_.o   /usr/cad/synopsys/vcs/2017.12/linux64/lib/vcs_save_restore_new.o \
/usr/cad/synopsys/verdi/2019.06/share/PLI/VCS/LINUX64/pli.a -ldl  -lc -lm -lpthread \
-ldl 
../simv up to date
Received SIGHUP (signal 1), exiting.
Command: /home/u111/u111061215/ICLAB/Final_project/sub_module/fp64_recip/sim/./simv +v2k -a vcs_recip.log +memcbk +PAT_L=0+PAT_U=0 +define+FLAG_VERBOSE=1 +define+FLAG_DUMPWV=1 +define+END_CYCLES=100000
Chronologic VCS simulator copyright 1991-2017
Contains Synopsys proprietary information.
Compiler version N-2017.12_Full64; Runtime version N-2017.12_Full64;  Dec 14 16:39 2025
*Verdi* Loading libsscore_vcs201712.so
FSDB Dumper for VCS, Release Verdi_P-2019.06, Linux x86_64/64bit, 05/26/2019
(C) 1996 - 2019 by Synopsys, Inc.
*Verdi* FSDB WARNING: The FSDB file already exists. Overwriting the FSDB file may crash the programs that are using this file.
*Verdi* FSDB WARNING: Simv_lock file is locked (reciprocal_unit.fsdb.slock). Attempt to overwrite the FSDB (reciprocal_unit.fsdb.slock) which is currently written by other process is not permitted
*Verdi* ERROR: Failed to create FSDB file: 'reciprocal_unit.fsdb'.
*Verdi* FSDB WARNING: The FSDB file already exists. Overwriting the FSDB file may crash the programs that are using this file.
*Verdi* FSDB WARNING: Simv_lock file is locked (novas.fsdb.slock). Attempt to overwrite the FSDB (novas.fsdb.slock) which is currently written by other process is not permitted
*Verdi* ERROR: Failed to create FSDB file: 'novas.fsdb'.
Loading golden.dat...
Data Split Check:
  input_data[0]  = 3ff0000000000000
  golden_data[0] = 3ff0000000000000

[1;36mStart checking FP64 Reciprocal Unit ... [0m

Received SIGHUP (signal 1), exiting.
           V C S   S i m u l a t i o n   R e p o r t 
Time: 155275000 ps
CPU Time:      9.100 seconds;       Data structure size:  10.1Mb
Sun Dec 14 18:09:48 2025
Command: /home/u111/u111061215/ICLAB/Final_project/sub_module/fp64_recip/sim/./simv +v2k -a vcs_recip.log +memcbk +PAT_L=0+PAT_U=0 +define+FLAG_VERBOSE=1 +define+FLAG_DUMPWV=1 +define+END_CYCLES=100000
Chronologic VCS simulator copyright 1991-2017
Contains Synopsys proprietary information.
Compiler version N-2017.12_Full64; Runtime version N-2017.12_Full64;  Dec 14 16:41 2025
*Verdi* Loading libsscore_vcs201712.so
FSDB Dumper for VCS, Release Verdi_P-2019.06, Linux x86_64/64bit, 05/26/2019
(C) 1996 - 2019 by Synopsys, Inc.
*Verdi* FSDB WARNING: The FSDB file already exists. Overwriting the FSDB file may crash the programs that are using this file.
*Verdi* FSDB WARNING: Simv_lock file is locked (reciprocal_unit.fsdb.slock). Attempt to overwrite the FSDB (reciprocal_unit.fsdb.slock) which is currently written by other process is not permitted
*Verdi* ERROR: Failed to create FSDB file: 'reciprocal_unit.fsdb'.
*Verdi* FSDB WARNING: The FSDB file already exists. Overwriting the FSDB file may crash the programs that are using this file.
*Verdi* FSDB WARNING: Simv_lock file is locked (novas.fsdb.slock). Attempt to overwrite the FSDB (novas.fsdb.slock) which is currently written by other process is not permitted
*Verdi* ERROR: Failed to create FSDB file: 'novas.fsdb'.
Loading golden.dat...
Data Split Check:
  input_data[0]  = 3ff0000000000000
  golden_data[0] = 3ff0000000000000

[1;36mStart checking FP64 Reciprocal Unit ... [0m

Received SIGHUP (signal 1), exiting.
           V C S   S i m u l a t i o n   R e p o r t 
Time: 320825000 ps
CPU Time:     18.160 seconds;       Data structure size:  10.1Mb
Sun Dec 14 18:09:48 2025
Command: /home/u111/u111061215/ICLAB/Final_project/sub_module/fp64_recip/sim/./simv +v2k -a vcs_recip.log +memcbk +PAT_L=0+PAT_U=0 +define+FLAG_VERBOSE=1 +define+FLAG_DUMPWV=1 +define+END_CYCLES=100000
Chronologic VCS simulator copyright 1991-2017
Contains Synopsys proprietary information.
Compiler version N-2017.12_Full64; Runtime version N-2017.12_Full64;  Dec 14 16:43 2025
*Verdi* Loading libsscore_vcs201712.so
FSDB Dumper for VCS, Release Verdi_P-2019.06, Linux x86_64/64bit, 05/26/2019
(C) 1996 - 2019 by Synopsys, Inc.
*Verdi* : Create FSDB file 'reciprocal_unit.fsdb'
*Verdi* : Begin traversing the scope (tb_fp64_reciprocal), layer (0).
*Verdi* : Enable +mda dumping.
*Verdi* : End of traversing.
Loading golden.dat...
Data Split Check:
  input_data[0]  = 3ff0000000000000
  golden_data[0] = 3ff0000000000000

[1;36mStart checking FP64 Reciprocal Unit ... [0m

Received SIGHUP (signal 1), exiting.

[1;36mStart checking FP64 Reciprocal Unit ... [0m

Received SIGHUP (signal 1), exiting.
Received SIGHUP (signal 1), exiting.
Received SIGHUP (signal 1), exiting.
           V C S   S i m u l a t i o n   R e p o r t 
Time: 49735000 ps
CPU Time:     11.270 seconds;       Data structure size:  12.2Mb
Sun Dec 14 18:09:49 2025
*Verdi* FSDB WARNING: SyncControl_Lock(): failed, fd:15, errno:116, message:Stale file handle.
*Verdi* FSDB WARNING: SyncControl_Lock(): failed, fd:15, errno:116, message:Stale file handle.
*Verdi* FSDB WARNING: SyncControl_Lock(): failed, fd:15, errno:116, message:Stale file handle.
*Verdi* FSDB WARNING: Fatal error: tlist file size should not be zero.
*Verdi* FSDB WARNING: scope_blk_cnt: 1, var_blk_cnt: 15
*Verdi* FSDB WARNING: Notify Synopsys support to assist with this problem.
*Verdi* FSDB WARNING: Fatal error: fd_slist file size should not be zero.
*Verdi* FSDB WARNING: vc_blk_cnt: 24295
*Verdi* FSDB WARNING: Notify Synopsys support to assist with this problem.
*Verdi* FSDB WARNING: System I/O read has encountered an error (116:Stale file handle). Try to wait and read again : 0.
*Verdi* FSDB WARNING: System I/O read has encountered an error (116:Stale file handle). Try to wait and read again : 1.
*Verdi* FSDB WARNING: System I/O read has encountered an error (116:Stale file handle). Try to wait and read again : 2.
*Verdi* FSDB WARNING: System I/O read has encountered an error (116:Stale file handle). Try to wait and read again : 3.
*Verdi* FSDB WARNING: System I/O read has encountered an error (116:Stale file handle). Try to wait and read again : 4.
*Verdi* FSDB WARNING: System I/O read has encountered an error (116:Stale file handle). Try to wait and read again : 5.
*Verdi* FSDB WARNING: System I/O read has encountered an error (116:Stale file handle). Try to wait and read again : 6.
*Verdi* FSDB WARNING: System I/O read has encountered an error (116:Stale file handle). Try to wait and read again : 7.
*Verdi* FSDB WARNING: System I/O read has encountered an error (116:Stale file handle). Try to wait and read again : 8.
*Verdi* FSDB WARNING: System I/O read has encountered an error (116:Stale file handle). Try to wait and read again : 9.
*Verdi* FSDB WARNING: System I/O read has encountered an error (116:Stale file handle). Try to wait and read again : 10.
*Verdi* FSDB WARNING: System I/O read has encountered an error (116:Stale file handle). Try to wait and read again : 11.
*Verdi* FSDB WARNING: System I/O read has encountered an error (116:Stale file handle). Try to wait and read again : 12.
*Verdi* FSDB WARNING: System I/O read has encountered an error (116:Stale file handle). Try to wait and read again : 13.
*Verdi* FSDB WARNING: System I/O read has encountered an error (116:Stale file handle). Try to wait and read again : 14.
*Verdi* FSDB ERROR: System I/O read has encountered an error (116:Stale file handle) and is unable to recover.
*Verdi* FSDB WARNING: SyncControl_Lock(): failed, fd:15, errno:116, message:Stale file handle.
*Verdi* FSDB WARNING: SyncControl_Lock(): failed, fd:15, errno:116, message:Stale file handle.
*Verdi* FSDB WARNING: SyncControl_Lock(): failed, fd:15, errno:116, message:Stale file handle.
*Verdi* FSDB WARNING: Fatal error: tlist file size should not be zero.
*Verdi* FSDB WARNING: scope_blk_cnt: 1, var_blk_cnt: 6
*Verdi* FSDB WARNING: Notify Synopsys support to assist with this problem.
*Verdi* FSDB WARNING: Fatal error: fd_slist file size should not be zero.
*Verdi* FSDB WARNING: vc_blk_cnt: 3163
*Verdi* FSDB WARNING: Notify Synopsys support to assist with this problem.
*Verdi* FSDB WARNING: System I/O read has encountered an error (116:Stale file handle). Try to wait and read again : 0.
*Verdi* FSDB WARNING: System I/O read has encountered an error (116:Stale file handle). Try to wait and read again : 1.
*Verdi* FSDB WARNING: System I/O read has encountered an error (116:Stale file handle). Try to wait and read again : 2.
*Verdi* FSDB WARNING: System I/O read has encountered an error (116:Stale file handle). Try to wait and read again : 3.
*Verdi* FSDB WARNING: System I/O read has encountered an error (116:Stale file handle). Try to wait and read again : 4.
*Verdi* FSDB WARNING: System I/O read has encountered an error (116:Stale file handle). Try to wait and read again : 5.
*Verdi* FSDB WARNING: System I/O read has encountered an error (116:Stale file handle). Try to wait and read again : 6.
*Verdi* FSDB WARNING: System I/O read has encountered an error (116:Stale file handle). Try to wait and read again : 7.
*Verdi* FSDB WARNING: System I/O read has encountered an error (116:Stale file handle). Try to wait and read again : 8.
*Verdi* FSDB WARNING: System I/O read has encountered an error (116:Stale file handle). Try to wait and read again : 9.
*Verdi* FSDB WARNING: System I/O read has encountered an error (116:Stale file handle). Try to wait and read again : 10.
*Verdi* FSDB WARNING: System I/O read has encountered an error (116:Stale file handle). Try to wait and read again : 11.
*Verdi* FSDB WARNING: System I/O read has encountered an error (116:Stale file handle). Try to wait and read again : 12.
*Verdi* FSDB WARNING: System I/O read has encountered an error (116:Stale file handle). Try to wait and read again : 13.
*Verdi* FSDB WARNING: System I/O read has encountered an error (116:Stale file handle). Try to wait and read again : 14.
*Verdi* FSDB ERROR: System I/O read has encountered an error (116:Stale file handle) and is unable to recover.
*Verdi* FSDB WARNING: SyncControl_Lock(): failed, fd:15, errno:116, message:Stale file handle.
*Verdi* FSDB WARNING: SyncControl_Lock(): failed, fd:15, errno:116, message:Stale file handle.
*Verdi* FSDB WARNING: SyncControl_Lock(): failed, fd:15, errno:116, message:Stale file handle.
*Verdi* FSDB WARNING: Fatal error: tlist file size should not be zero.
*Verdi* FSDB WARNING: scope_blk_cnt: 1, var_blk_cnt: 6
*Verdi* FSDB WARNING: Notify Synopsys support to assist with this problem.
*Verdi* FSDB WARNING: Fatal error: fd_slist file size should not be zero.
*Verdi* FSDB WARNING: vc_blk_cnt: 18641
*Verdi* FSDB WARNING: Notify Synopsys support to assist with this problem.
*Verdi* FSDB WARNING: System I/O read has encountered an error (116:Stale file handle). Try to wait and read again : 0.
*Verdi* FSDB WARNING: System I/O read has encountered an error (116:Stale file handle). Try to wait and read again : 1.
*Verdi* FSDB WARNING: System I/O read has encountered an error (116:Stale file handle). Try to wait and read again : 2.
*Verdi* FSDB WARNING: System I/O read has encountered an error (116:Stale file handle). Try to wait and read again : 3.
*Verdi* FSDB WARNING: System I/O read has encountered an error (116:Stale file handle). Try to wait and read again : 4.
*Verdi* FSDB WARNING: System I/O read has encountered an error (116:Stale file handle). Try to wait and read again : 5.
*Verdi* FSDB WARNING: System I/O read has encountered an error (116:Stale file handle). Try to wait and read again : 6.
*Verdi* FSDB WARNING: System I/O read has encountered an error (116:Stale file handle). Try to wait and read again : 7.
*Verdi* FSDB WARNING: System I/O read has encountered an error (116:Stale file handle). Try to wait and read again : 8.
*Verdi* FSDB WARNING: System I/O read has encountered an error (116:Stale file handle). Try to wait and read again : 9.
*Verdi* FSDB WARNING: System I/O read has encountered an error (116:Stale file handle). Try to wait and read again : 10.
*Verdi* FSDB WARNING: System I/O read has encountered an error (116:Stale file handle). Try to wait and read again : 11.
*Verdi* FSDB WARNING: System I/O read has encountered an error (116:Stale file handle). Try to wait and read again : 12.
*Verdi* FSDB WARNING: System I/O read has encountered an error (116:Stale file handle). Try to wait and read again : 13.
*Verdi* FSDB WARNING: System I/O read has encountered an error (116:Stale file handle). Try to wait and read again : 14.
*Verdi* FSDB ERROR: System I/O read has encountered an error (116:Stale file handle) and is unable to recover.
*Verdi* FSDB WARNING: SyncControl_Lock(): failed, fd:15, errno:116, message:Stale file handle.
*Verdi* FSDB WARNING: SyncControl_Lock(): failed, fd:15, errno:116, message:Stale file handle.
*Verdi* FSDB WARNING: SyncControl_Lock(): failed, fd:15, errno:116, message:Stale file handle.
*Verdi* FSDB WARNING: Fatal error: tlist file size should not be zero.
*Verdi* FSDB WARNING: scope_blk_cnt: 1, var_blk_cnt: 15
*Verdi* FSDB WARNING: Notify Synopsys support to assist with this problem.
*Verdi* FSDB WARNING: Fatal error: fd_slist file size should not be zero.
*Verdi* FSDB WARNING: vc_blk_cnt: 1156
*Verdi* FSDB WARNING: Notify Synopsys support to assist with this problem.
*Verdi* FSDB WARNING: System I/O read has encountered an error (116:Stale file handle). Try to wait and read again : 0.
*Verdi* FSDB WARNING: System I/O read has encountered an error (116:Stale file handle). Try to wait and read again : 1.
*Verdi* FSDB WARNING: System I/O read has encountered an error (116:Stale file handle). Try to wait and read again : 2.
*Verdi* FSDB WARNING: System I/O read has encountered an error (116:Stale file handle). Try to wait and read again : 3.
*Verdi* FSDB WARNING: System I/O read has encountered an error (116:Stale file handle). Try to wait and read again : 4.
*Verdi* FSDB WARNING: System I/O read has encountered an error (116:Stale file handle). Try to wait and read again : 5.
*Verdi* FSDB WARNING: System I/O read has encountered an error (116:Stale file handle). Try to wait and read again : 6.
*Verdi* FSDB WARNING: System I/O read has encountered an error (116:Stale file handle). Try to wait and read again : 7.
*Verdi* FSDB WARNING: System I/O read has encountered an error (116:Stale file handle). Try to wait and read again : 8.
*Verdi* FSDB WARNING: System I/O read has encountered an error (116:Stale file handle). Try to wait and read again : 9.
*Verdi* FSDB WARNING: System I/O read has encountered an error (116:Stale file handle). Try to wait and read again : 10.
*Verdi* FSDB WARNING: System I/O read has encountered an error (116:Stale file handle). Try to wait and read again : 11.
*Verdi* FSDB WARNING: System I/O read has encountered an error (116:Stale file handle). Try to wait and read again : 12.
*Verdi* FSDB WARNING: System I/O read has encountered an error (116:Stale file handle). Try to wait and read again : 13.
*Verdi* FSDB WARNING: System I/O read has encountered an error (116:Stale file handle). Try to wait and read again : 14.
*Verdi* FSDB ERROR: System I/O read has encountered an error (116:Stale file handle) and is unable to recover.
