 
****************************************
Report : timing
        -path full
        -delay min
        -max_paths 4
Design : mul
Version: R-2020.09-SP5
Date   : Mon Dec  8 17:30:20 2025
****************************************

 # A fanout number of 1000 was used for high fanout net computations.

Operating Conditions: PVT_1P08V_125C   Library: slow_vdd1v2
Wire Load Model Mode: enclosed

  Startpoint: in_A[63] (input port clocked by clk)
  Endpoint: a_reg_reg_0__63_
            (rising edge-triggered flip-flop clocked by clk)
  Path Group: clk
  Path Type: min

  Des/Clust/Port     Wire Load Model       Library
  ------------------------------------------------
  mul                Large                 slow_vdd1v2

  Point                                    Incr       Path
  -----------------------------------------------------------
  clock clk (rise edge)                    0.00       0.00
  clock network delay (ideal)              0.00       0.00
  input external delay                     0.00       0.00 f
  in_A[63] (in)                            0.01       0.01 f
  a_reg_reg_0__63_/D (DFFRHQX1)            0.02       0.03 f
  data arrival time                                   0.03

  clock clk (rise edge)                    0.00       0.00
  clock network delay (ideal)              0.00       0.00
  a_reg_reg_0__63_/CK (DFFRHQX1)           0.00       0.00 r
  library hold time                        0.00       0.00
  data required time                                  0.00
  -----------------------------------------------------------
  data required time                                  0.00
  data arrival time                                  -0.03
  -----------------------------------------------------------
  slack (MET)                                         0.03


  Startpoint: in_A[64] (input port clocked by clk)
  Endpoint: a_reg_reg_0__64_
            (rising edge-triggered flip-flop clocked by clk)
  Path Group: clk
  Path Type: min

  Des/Clust/Port     Wire Load Model       Library
  ------------------------------------------------
  mul                Large                 slow_vdd1v2

  Point                                    Incr       Path
  -----------------------------------------------------------
  clock clk (rise edge)                    0.00       0.00
  clock network delay (ideal)              0.00       0.00
  input external delay                     0.00       0.00 f
  in_A[64] (in)                            0.01       0.01 f
  a_reg_reg_0__64_/D (DFFRHQX1)            0.02       0.03 f
  data arrival time                                   0.03

  clock clk (rise edge)                    0.00       0.00
  clock network delay (ideal)              0.00       0.00
  a_reg_reg_0__64_/CK (DFFRHQX1)           0.00       0.00 r
  library hold time                        0.00       0.00
  data required time                                  0.00
  -----------------------------------------------------------
  data required time                                  0.00
  data arrival time                                  -0.03
  -----------------------------------------------------------
  slack (MET)                                         0.03


  Startpoint: in_A[66] (input port clocked by clk)
  Endpoint: a_reg_reg_0__66_
            (rising edge-triggered flip-flop clocked by clk)
  Path Group: clk
  Path Type: min

  Des/Clust/Port     Wire Load Model       Library
  ------------------------------------------------
  mul                Large                 slow_vdd1v2

  Point                                    Incr       Path
  -----------------------------------------------------------
  clock clk (rise edge)                    0.00       0.00
  clock network delay (ideal)              0.00       0.00
  input external delay                     0.00       0.00 f
  in_A[66] (in)                            0.01       0.01 f
  a_reg_reg_0__66_/D (DFFRHQX1)            0.02       0.03 f
  data arrival time                                   0.03

  clock clk (rise edge)                    0.00       0.00
  clock network delay (ideal)              0.00       0.00
  a_reg_reg_0__66_/CK (DFFRHQX1)           0.00       0.00 r
  library hold time                        0.00       0.00
  data required time                                  0.00
  -----------------------------------------------------------
  data required time                                  0.00
  data arrival time                                  -0.03
  -----------------------------------------------------------
  slack (MET)                                         0.03


  Startpoint: in_A[2] (input port clocked by clk)
  Endpoint: a_reg_reg_0__2_
            (rising edge-triggered flip-flop clocked by clk)
  Path Group: clk
  Path Type: min

  Des/Clust/Port     Wire Load Model       Library
  ------------------------------------------------
  mul                Large                 slow_vdd1v2

  Point                                    Incr       Path
  -----------------------------------------------------------
  clock clk (rise edge)                    0.00       0.00
  clock network delay (ideal)              0.00       0.00
  input external delay                     0.00       0.00 f
  in_A[2] (in)                             0.01       0.01 f
  a_reg_reg_0__2_/D (DFFRHQX1)             0.02       0.03 f
  data arrival time                                   0.03

  clock clk (rise edge)                    0.00       0.00
  clock network delay (ideal)              0.00       0.00
  a_reg_reg_0__2_/CK (DFFRHQX1)            0.00       0.00 r
  library hold time                        0.00       0.00
  data required time                                  0.00
  -----------------------------------------------------------
  data required time                                  0.00
  data arrival time                                  -0.03
  -----------------------------------------------------------
  slack (MET)                                         0.03


1
