 
****************************************
Report : timing
        -path full
        -delay max
        -max_paths 4
Design : IEC_top
Version: R-2020.09-SP5
Date   : Fri Dec 26 19:36:24 2025
****************************************

 # A fanout number of 1000 was used for high fanout net computations.

Operating Conditions: PVT_1P08V_125C   Library: slow_vdd1v2
Wire Load Model Mode: enclosed

  Startpoint: mul_U0/fp_add_05/pip4_frac_reg_52_
              (rising edge-triggered flip-flop clocked by clk)
  Endpoint: mul_U0/fp_add_05/pip5_frac_reg_47_
            (rising edge-triggered flip-flop clocked by clk)
  Path Group: clk
  Path Type: max

  Des/Clust/Port     Wire Load Model       Library
  ------------------------------------------------
  IEC_top            Large                 slow_vdd1v2
  fp_add_mydesign_5  Small                 slow_vdd1v2
  LOD_64_mydesign_8  Small                 slow_vdd1v2

  Point                                                   Incr       Path
  --------------------------------------------------------------------------
  clock clk (rise edge)                                   0.00       0.00
  clock network delay (ideal)                             0.00       0.00
  mul_U0/fp_add_05/pip4_frac_reg_52_/CK (DFFRHQX1)        0.00 #     0.00 r
  mul_U0/fp_add_05/pip4_frac_reg_52_/Q (DFFRHQX1)         0.12       0.12 f
  mul_U0/fp_add_05/LOD_02/A_63_ (LOD_64_mydesign_8)       0.00       0.12 f
  mul_U0/fp_add_05/LOD_02/U31/Y (NOR4X1)                  0.10       0.22 r
  mul_U0/fp_add_05/LOD_02/U36/Y (NAND4XL)                 0.18       0.40 f
  mul_U0/fp_add_05/LOD_02/U22/Y (NOR2X1)                  0.17       0.57 r
  mul_U0/fp_add_05/LOD_02/U21/Y (AOI21X1)                 0.16       0.73 f
  mul_U0/fp_add_05/LOD_02/U51/Y (AOI22XL)                 0.10       0.83 r
  mul_U0/fp_add_05/LOD_02/U4/Y (OAI211XL)                 0.11       0.94 f
  mul_U0/fp_add_05/LOD_02/U35/Y (AOI211XL)                0.09       1.04 r
  mul_U0/fp_add_05/LOD_02/U15/Y (OAI211X1)                0.12       1.16 f
  mul_U0/fp_add_05/LOD_02/U14/Y (NOR4X1)                  0.19       1.35 r
  mul_U0/fp_add_05/LOD_02/U38/Y (AOI21XL)                 0.16       1.51 f
  mul_U0/fp_add_05/LOD_02/U5/Y (OAI211XL)                 0.07       1.58 r
  mul_U0/fp_add_05/LOD_02/U74/Y (NOR4BX1)                 0.06       1.64 f
  mul_U0/fp_add_05/LOD_02/U44/Y (INVXL)                   0.04       1.68 r
  mul_U0/fp_add_05/LOD_02/U20/Y (OAI211XL)                0.09       1.77 f
  mul_U0/fp_add_05/LOD_02/U43/Y (AOI21XL)                 0.10       1.88 r
  mul_U0/fp_add_05/LOD_02/position_0_ (LOD_64_mydesign_8)
                                                          0.00       1.88 r
  mul_U0/fp_add_05/U69/Y (OAI211XL)                       0.11       1.99 f
  mul_U0/fp_add_05/U122/Y (OAI2BB1X1)                     0.07       2.06 r
  mul_U0/fp_add_05/U743/Y (OAI222XL)                      0.15       2.21 f
  mul_U0/fp_add_05/U656/Y (OAI222XL)                      0.13       2.34 r
  mul_U0/fp_add_05/U632/Y (OR2XL)                         0.09       2.43 r
  mul_U0/fp_add_05/U121/Y (AOI221X1)                      0.08       2.50 f
  mul_U0/fp_add_05/U631/Y (AOI21XL)                       0.07       2.58 r
  mul_U0/fp_add_05/U876/Y (OAI2BB1XL)                     0.08       2.66 r
  mul_U0/fp_add_05/U171/Y (OAI211X1)                      0.08       2.74 f
  mul_U0/fp_add_05/U683/Y (NOR4X1)                        0.14       2.88 r
  mul_U0/fp_add_05/U92/Y (INVXL)                          0.12       3.00 f
  mul_U0/fp_add_05/U629/Y (OAI22XL)                       0.11       3.11 r
  mul_U0/fp_add_05/U117/Y (INVXL)                         0.10       3.21 f
  mul_U0/fp_add_05/U1968/Y (NOR2X1)                       0.11       3.32 r
  mul_U0/fp_add_05/U694/Y (INVXL)                         0.13       3.45 f
  mul_U0/fp_add_05/U1969/Y (INVX1)                        0.10       3.55 r
  mul_U0/fp_add_05/U2017/Y (AOI22XL)                      0.07       3.62 f
  mul_U0/fp_add_05/U633/Y (NAND2XL)                       0.06       3.68 r
  mul_U0/fp_add_05/U2054/Y (INVXL)                        0.04       3.72 f
  mul_U0/fp_add_05/U678/Y (AOI22XL)                       0.07       3.79 r
  mul_U0/fp_add_05/U707/Y (OAI222XL)                      0.16       3.95 f
  mul_U0/fp_add_05/U635/Y (OAI22XL)                       0.10       4.05 r
  mul_U0/fp_add_05/U2290/Y (OAI22XL)                      0.09       4.14 f
  mul_U0/fp_add_05/U2291/Y (OR4X1)                        0.14       4.28 f
  mul_U0/fp_add_05/U2293/Y (OAI22XL)                      0.05       4.34 r
  mul_U0/fp_add_05/U52/Y (NOR2BX1)                        0.08       4.41 r
  mul_U0/fp_add_05/pip5_frac_reg_47_/D (DFFRHQX1)         0.02       4.43 r
  data arrival time                                                  4.43

  clock clk (rise edge)                                   4.50       4.50
  clock network delay (ideal)                             0.00       4.50
  mul_U0/fp_add_05/pip5_frac_reg_47_/CK (DFFRHQX1)        0.00       4.50 r
  library setup time                                     -0.07       4.43
  data required time                                                 4.43
  --------------------------------------------------------------------------
  data required time                                                 4.43
  data arrival time                                                 -4.43
  --------------------------------------------------------------------------
  slack (MET)                                                        0.00


  Startpoint: fp_recip_U0/N_reg3_reg_1_
              (rising edge-triggered flip-flop clocked by clk)
  Endpoint: fp_recip_U0/out_B_reg_61_
            (rising edge-triggered flip-flop clocked by clk)
  Path Group: clk
  Path Type: max

  Des/Clust/Port     Wire Load Model       Library
  ------------------------------------------------
  IEC_top            Large                 slow_vdd1v2
  fp64_reciprocal    Small                 slow_vdd1v2

  Point                                                   Incr       Path
  --------------------------------------------------------------------------
  clock clk (rise edge)                                   0.00       0.00
  clock network delay (ideal)                             0.00       0.00
  fp_recip_U0/N_reg3_reg_1_/CK (DFFQX1)                   0.00 #     0.00 r
  fp_recip_U0/N_reg3_reg_1_/Q (DFFQX1)                    0.17       0.17 f
  fp_recip_U0/U16823/Y (INVXL)                            0.09       0.25 r
  fp_recip_U0/U129/Y (INVXL)                              0.16       0.42 f
  fp_recip_U0/U193/Y (XNOR2X1)                            0.15       0.57 f
  fp_recip_U0/U17866/Y (OAI22XL)                          0.07       0.63 r
  fp_recip_U0/U18219/CO (ADDFX1)                          0.18       0.81 r
  fp_recip_U0/U602/CO (ADDFX1)                            0.15       0.96 r
  fp_recip_U0/U18879/CO (ADDFX1)                          0.13       1.09 r
  fp_recip_U0/U18889/CO (ADDFX1)                          0.13       1.22 r
  fp_recip_U0/U18902/CO (ADDFX1)                          0.15       1.37 r
  fp_recip_U0/U18914/CO (ADDFX1)                          0.13       1.49 r
  fp_recip_U0/U18910/S (ADDFX1)                           0.18       1.67 f
  fp_recip_U0/U318/S (ADDFX1)                             0.18       1.85 r
  fp_recip_U0/U18918/Y (NOR2XL)                           0.03       1.89 f
  fp_recip_U0/U18919/Y (INVXL)                            0.03       1.91 r
  fp_recip_U0/U18920/Y (NAND2XL)                          0.04       1.95 f
  fp_recip_U0/U18921/Y (NOR2XL)                           0.05       2.00 r
  fp_recip_U0/U18929/Y (AOI21XL)                          0.07       2.07 f
  fp_recip_U0/U18930/Y (OAI21XL)                          0.04       2.11 r
  fp_recip_U0/U18947/Y (AOI21XL)                          0.07       2.18 f
  fp_recip_U0/U18950/Y (OAI21XL)                          0.08       2.25 r
  fp_recip_U0/U18963/Y (AOI21XL)                          0.08       2.34 f
  fp_recip_U0/U18990/Y (OAI21XL)                          0.07       2.40 r
  fp_recip_U0/U19018/Y (AOI21XL)                          0.09       2.50 f
  fp_recip_U0/U12220/Y (NOR2XL)                           0.07       2.56 r
  fp_recip_U0/U12219/Y (NOR2XL)                           0.05       2.61 f
  fp_recip_U0/U19019/Y (OAI21XL)                          0.06       2.67 r
  fp_recip_U0/U19020/Y (AOI21XL)                          0.10       2.77 f
  fp_recip_U0/U165/Y (NOR2BXL)                            0.08       2.85 r
  fp_recip_U0/U12214/Y (NAND2XL)                          0.06       2.92 f
  fp_recip_U0/U12213/Y (NAND2XL)                          0.04       2.96 r
  fp_recip_U0/U251/CO (ADDFX1)                            0.13       3.09 r
  fp_recip_U0/U209/CO (ADDFX1)                            0.13       3.21 r
  fp_recip_U0/U12372/CO (ADDFXL)                          0.12       3.33 r
  fp_recip_U0/U12381/CO (ADDFXL)                          0.12       3.45 r
  fp_recip_U0/U12395/CO (ADDFXL)                          0.12       3.57 r
  fp_recip_U0/U12408/CO (ADDFXL)                          0.12       3.69 r
  fp_recip_U0/U12524/CO (ADDFXL)                          0.12       3.81 r
  fp_recip_U0/U12523/Y (AOI22XL)                          0.05       3.87 f
  fp_recip_U0/U11785/Y (CLKXOR2X2)                        0.15       4.02 f
  fp_recip_U0/U2805/Y (OR2XL)                             0.08       4.10 f
  fp_recip_U0/U5542/Y (NOR2XL)                            0.05       4.15 r
  fp_recip_U0/U25899/Y (NAND2XL)                          0.07       4.22 f
  fp_recip_U0/U25900/Y (NOR2XL)                           0.06       4.27 r
  fp_recip_U0/U28155/Y (INVXL)                            0.05       4.32 f
  fp_recip_U0/U12432/Y (XNOR2X1)                          0.11       4.43 r
  fp_recip_U0/out_B_reg_61_/D (DFFQXL)                    0.01       4.44 r
  data arrival time                                                  4.44

  clock clk (rise edge)                                   4.50       4.50
  clock network delay (ideal)                             0.00       4.50
  fp_recip_U0/out_B_reg_61_/CK (DFFQXL)                   0.00       4.50 r
  library setup time                                     -0.06       4.44
  data required time                                                 4.44
  --------------------------------------------------------------------------
  data required time                                                 4.44
  data arrival time                                                 -4.44
  --------------------------------------------------------------------------
  slack (MET)                                                        0.00


  Startpoint: mul_U0/fp_add_05/pip4_frac_reg_52_
              (rising edge-triggered flip-flop clocked by clk)
  Endpoint: mul_U0/fp_add_05/pip5_frac_reg_48_
            (rising edge-triggered flip-flop clocked by clk)
  Path Group: clk
  Path Type: max

  Des/Clust/Port     Wire Load Model       Library
  ------------------------------------------------
  IEC_top            Large                 slow_vdd1v2
  fp_add_mydesign_5  Small                 slow_vdd1v2
  LOD_64_mydesign_8  Small                 slow_vdd1v2

  Point                                                   Incr       Path
  --------------------------------------------------------------------------
  clock clk (rise edge)                                   0.00       0.00
  clock network delay (ideal)                             0.00       0.00
  mul_U0/fp_add_05/pip4_frac_reg_52_/CK (DFFRHQX1)        0.00 #     0.00 r
  mul_U0/fp_add_05/pip4_frac_reg_52_/Q (DFFRHQX1)         0.12       0.12 f
  mul_U0/fp_add_05/LOD_02/A_63_ (LOD_64_mydesign_8)       0.00       0.12 f
  mul_U0/fp_add_05/LOD_02/U31/Y (NOR4X1)                  0.10       0.22 r
  mul_U0/fp_add_05/LOD_02/U36/Y (NAND4XL)                 0.18       0.40 f
  mul_U0/fp_add_05/LOD_02/U22/Y (NOR2X1)                  0.17       0.57 r
  mul_U0/fp_add_05/LOD_02/U21/Y (AOI21X1)                 0.16       0.73 f
  mul_U0/fp_add_05/LOD_02/U51/Y (AOI22XL)                 0.10       0.83 r
  mul_U0/fp_add_05/LOD_02/U4/Y (OAI211XL)                 0.11       0.94 f
  mul_U0/fp_add_05/LOD_02/U35/Y (AOI211XL)                0.09       1.04 r
  mul_U0/fp_add_05/LOD_02/U15/Y (OAI211X1)                0.12       1.16 f
  mul_U0/fp_add_05/LOD_02/U14/Y (NOR4X1)                  0.19       1.35 r
  mul_U0/fp_add_05/LOD_02/U38/Y (AOI21XL)                 0.16       1.51 f
  mul_U0/fp_add_05/LOD_02/U5/Y (OAI211XL)                 0.07       1.58 r
  mul_U0/fp_add_05/LOD_02/U74/Y (NOR4BX1)                 0.06       1.64 f
  mul_U0/fp_add_05/LOD_02/U44/Y (INVXL)                   0.04       1.68 r
  mul_U0/fp_add_05/LOD_02/U20/Y (OAI211XL)                0.09       1.77 f
  mul_U0/fp_add_05/LOD_02/U43/Y (AOI21XL)                 0.10       1.88 r
  mul_U0/fp_add_05/LOD_02/position_0_ (LOD_64_mydesign_8)
                                                          0.00       1.88 r
  mul_U0/fp_add_05/U69/Y (OAI211XL)                       0.11       1.99 f
  mul_U0/fp_add_05/U122/Y (OAI2BB1X1)                     0.07       2.06 r
  mul_U0/fp_add_05/U743/Y (OAI222XL)                      0.15       2.21 f
  mul_U0/fp_add_05/U656/Y (OAI222XL)                      0.13       2.34 r
  mul_U0/fp_add_05/U632/Y (OR2XL)                         0.09       2.43 r
  mul_U0/fp_add_05/U121/Y (AOI221X1)                      0.08       2.50 f
  mul_U0/fp_add_05/U631/Y (AOI21XL)                       0.07       2.58 r
  mul_U0/fp_add_05/U876/Y (OAI2BB1XL)                     0.08       2.66 r
  mul_U0/fp_add_05/U171/Y (OAI211X1)                      0.08       2.74 f
  mul_U0/fp_add_05/U683/Y (NOR4X1)                        0.14       2.88 r
  mul_U0/fp_add_05/U92/Y (INVXL)                          0.12       3.00 f
  mul_U0/fp_add_05/U629/Y (OAI22XL)                       0.11       3.11 r
  mul_U0/fp_add_05/U117/Y (INVXL)                         0.10       3.21 f
  mul_U0/fp_add_05/U1968/Y (NOR2X1)                       0.11       3.32 r
  mul_U0/fp_add_05/U694/Y (INVXL)                         0.13       3.45 f
  mul_U0/fp_add_05/U1969/Y (INVX1)                        0.10       3.55 r
  mul_U0/fp_add_05/U2017/Y (AOI22XL)                      0.07       3.62 f
  mul_U0/fp_add_05/U633/Y (NAND2XL)                       0.06       3.68 r
  mul_U0/fp_add_05/U2054/Y (INVXL)                        0.04       3.72 f
  mul_U0/fp_add_05/U678/Y (AOI22XL)                       0.07       3.79 r
  mul_U0/fp_add_05/U707/Y (OAI222XL)                      0.16       3.95 f
  mul_U0/fp_add_05/U635/Y (OAI22XL)                       0.10       4.05 r
  mul_U0/fp_add_05/U2290/Y (OAI22XL)                      0.09       4.14 f
  mul_U0/fp_add_05/U2291/Y (OR4X1)                        0.14       4.28 f
  mul_U0/fp_add_05/U2292/Y (OAI22XL)                      0.05       4.33 r
  mul_U0/fp_add_05/U53/Y (NOR2BX1)                        0.08       4.41 r
  mul_U0/fp_add_05/pip5_frac_reg_48_/D (DFFRHQX1)         0.02       4.43 r
  data arrival time                                                  4.43

  clock clk (rise edge)                                   4.50       4.50
  clock network delay (ideal)                             0.00       4.50
  mul_U0/fp_add_05/pip5_frac_reg_48_/CK (DFFRHQX1)        0.00       4.50 r
  library setup time                                     -0.07       4.43
  data required time                                                 4.43
  --------------------------------------------------------------------------
  data required time                                                 4.43
  data arrival time                                                 -4.43
  --------------------------------------------------------------------------
  slack (MET)                                                        0.00


  Startpoint: fp_recip_U0/D_reg1_reg_27_
              (rising edge-triggered flip-flop clocked by clk)
  Endpoint: fp_recip_U0/D_reg2_reg_56_
            (rising edge-triggered flip-flop clocked by clk)
  Path Group: clk
  Path Type: max

  Des/Clust/Port     Wire Load Model       Library
  ------------------------------------------------
  IEC_top            Large                 slow_vdd1v2
  fp64_reciprocal    Small                 slow_vdd1v2

  Point                                                   Incr       Path
  --------------------------------------------------------------------------
  clock clk (rise edge)                                   0.00       0.00
  clock network delay (ideal)                             0.00       0.00
  fp_recip_U0/D_reg1_reg_27_/CK (DFFQX1)                  0.00 #     0.00 r
  fp_recip_U0/D_reg1_reg_27_/Q (DFFQX1)                   0.17       0.17 f
  fp_recip_U0/U214/Y (INVXL)                              0.09       0.26 r
  fp_recip_U0/U2158/Y (INVXL)                             0.17       0.43 f
  fp_recip_U0/U3995/Y (XNOR2X1)                           0.15       0.58 r
  fp_recip_U0/U25023/Y (OAI22XL)                          0.09       0.67 f
  fp_recip_U0/U745/S (ADDFX1)                             0.22       0.89 r
  fp_recip_U0/U25135/CO (ADDFX1)                          0.15       1.05 r
  fp_recip_U0/U25146/CO (ADDFX1)                          0.15       1.20 r
  fp_recip_U0/U25169/CO (ADDFX1)                          0.13       1.32 r
  fp_recip_U0/U25182/S (ADDFX1)                           0.18       1.50 f
  fp_recip_U0/U25194/CO (ADDFX1)                          0.12       1.62 f
  fp_recip_U0/U25190/S (ADDFX1)                           0.19       1.81 r
  fp_recip_U0/U308/S (ADDFX1)                             0.18       1.98 f
  fp_recip_U0/U25197/Y (NOR2XL)                           0.05       2.03 r
  fp_recip_U0/U25209/Y (OAI21XL)                          0.08       2.11 f
  fp_recip_U0/U25212/Y (AOI21XL)                          0.06       2.17 r
  fp_recip_U0/U25213/Y (OAI21XL)                          0.07       2.23 f
  fp_recip_U0/U25218/Y (AOI21XL)                          0.06       2.29 r
  fp_recip_U0/U25219/Y (OAI21XL)                          0.07       2.37 f
  fp_recip_U0/U210/Y (AOI21X1)                            0.08       2.44 r
  fp_recip_U0/U12232/Y (AOI2BB1XL)                        0.08       2.52 r
  fp_recip_U0/U176/Y (OAI21X1)                            0.08       2.61 f
  fp_recip_U0/U12307/Y (NAND2XL)                          0.05       2.66 r
  fp_recip_U0/U12306/Y (NAND2BXL)                         0.06       2.71 f
  fp_recip_U0/U25220/Y (AOI21XL)                          0.07       2.78 r
  fp_recip_U0/U166/Y (OAI21XL)                            0.09       2.87 f
  fp_recip_U0/U13771/Y (OAI2BB1XL)                        0.10       2.97 f
  fp_recip_U0/U12312/Y (NAND2XL)                          0.05       3.02 r
  fp_recip_U0/U12311/Y (NAND2XL)                          0.06       3.08 f
  fp_recip_U0/U25221/Y (AOI21XL)                          0.07       3.15 r
  fp_recip_U0/U25222/Y (OAI21XL)                          0.08       3.22 f
  fp_recip_U0/U250/CO (ADDFX1)                            0.14       3.36 f
  fp_recip_U0/U246/CO (ADDFX1)                            0.12       3.48 f
  fp_recip_U0/U244/CO (ADDFX1)                            0.12       3.61 f
  fp_recip_U0/U240/CO (ADDFX1)                            0.12       3.73 f
  fp_recip_U0/U237/CO (ADDFX1)                            0.12       3.85 f
  fp_recip_U0/U232/CO (ADDFX1)                            0.12       3.98 f
  fp_recip_U0/U231/CO (ADDFX1)                            0.12       4.10 f
  fp_recip_U0/U226/CO (ADDFX1)                            0.12       4.22 f
  fp_recip_U0/U223/CO (ADDFX1)                            0.12       4.35 f
  fp_recip_U0/U25223/Y (XOR2XL)                           0.08       4.43 r
  fp_recip_U0/D_reg2_reg_56_/D (DFFQXL)                   0.01       4.44 r
  data arrival time                                                  4.44

  clock clk (rise edge)                                   4.50       4.50
  clock network delay (ideal)                             0.00       4.50
  fp_recip_U0/D_reg2_reg_56_/CK (DFFQXL)                  0.00       4.50 r
  library setup time                                     -0.06       4.44
  data required time                                                 4.44
  --------------------------------------------------------------------------
  data required time                                                 4.44
  data arrival time                                                 -4.44
  --------------------------------------------------------------------------
  slack (MET)                                                        0.01


1
