 
****************************************
Report : timing
        -path full
        -delay min
        -max_paths 4
Design : IEC_top
Version: R-2020.09-SP5
Date   : Fri Dec 26 19:36:23 2025
****************************************

 # A fanout number of 1000 was used for high fanout net computations.

Operating Conditions: PVT_1P08V_125C   Library: slow_vdd1v2
Wire Load Model Mode: enclosed

  Startpoint: sram_rdata_x2[3]
              (input port clocked by clk)
  Endpoint: fp64_reg_2_reg_2__3_
            (rising edge-triggered flip-flop clocked by clk)
  Path Group: clk
  Path Type: min

  Des/Clust/Port     Wire Load Model       Library
  ------------------------------------------------
  IEC_top            Large                 slow_vdd1v2

  Point                                    Incr       Path
  -----------------------------------------------------------
  clock clk (rise edge)                    0.00       0.00
  clock network delay (ideal)              0.00       0.00
  input external delay                     0.00       0.00 f
  sram_rdata_x2[3] (in)                    0.01       0.01 f
  fp64_reg_2_reg_2__3_/RN (DFFTRXL)        0.02       0.02 f
  data arrival time                                   0.02

  clock clk (rise edge)                    0.00       0.00
  clock network delay (ideal)              0.00       0.00
  fp64_reg_2_reg_2__3_/CK (DFFTRXL)        0.00       0.00 r
  library hold time                       -0.01      -0.01
  data required time                                 -0.01
  -----------------------------------------------------------
  data required time                                 -0.01
  data arrival time                                  -0.02
  -----------------------------------------------------------
  slack (MET)                                         0.03


  Startpoint: sram_rdata_x0[3]
              (input port clocked by clk)
  Endpoint: fp64_reg_2_reg_0__3_
            (rising edge-triggered flip-flop clocked by clk)
  Path Group: clk
  Path Type: min

  Des/Clust/Port     Wire Load Model       Library
  ------------------------------------------------
  IEC_top            Large                 slow_vdd1v2

  Point                                    Incr       Path
  -----------------------------------------------------------
  clock clk (rise edge)                    0.00       0.00
  clock network delay (ideal)              0.00       0.00
  input external delay                     0.00       0.00 f
  sram_rdata_x0[3] (in)                    0.01       0.01 f
  fp64_reg_2_reg_0__3_/RN (DFFTRXL)        0.02       0.02 f
  data arrival time                                   0.02

  clock clk (rise edge)                    0.00       0.00
  clock network delay (ideal)              0.00       0.00
  fp64_reg_2_reg_0__3_/CK (DFFTRXL)        0.00       0.00 r
  library hold time                       -0.01      -0.01
  data required time                                 -0.01
  -----------------------------------------------------------
  data required time                                 -0.01
  data arrival time                                  -0.02
  -----------------------------------------------------------
  slack (MET)                                         0.03


  Startpoint: sram_rdata_x0[11]
              (input port clocked by clk)
  Endpoint: fp64_reg_2_reg_0__11_
            (rising edge-triggered flip-flop clocked by clk)
  Path Group: clk
  Path Type: min

  Des/Clust/Port     Wire Load Model       Library
  ------------------------------------------------
  IEC_top            Large                 slow_vdd1v2

  Point                                    Incr       Path
  -----------------------------------------------------------
  clock clk (rise edge)                    0.00       0.00
  clock network delay (ideal)              0.00       0.00
  input external delay                     0.00       0.00 f
  sram_rdata_x0[11] (in)                   0.01       0.01 f
  fp64_reg_2_reg_0__11_/RN (DFFTRXL)       0.02       0.02 f
  data arrival time                                   0.02

  clock clk (rise edge)                    0.00       0.00
  clock network delay (ideal)              0.00       0.00
  fp64_reg_2_reg_0__11_/CK (DFFTRXL)       0.00       0.00 r
  library hold time                       -0.01      -0.01
  data required time                                 -0.01
  -----------------------------------------------------------
  data required time                                 -0.01
  data arrival time                                  -0.02
  -----------------------------------------------------------
  slack (MET)                                         0.03


  Startpoint: sram_rdata_x0[14]
              (input port clocked by clk)
  Endpoint: fp64_reg_2_reg_0__14_
            (rising edge-triggered flip-flop clocked by clk)
  Path Group: clk
  Path Type: min

  Des/Clust/Port     Wire Load Model       Library
  ------------------------------------------------
  IEC_top            Large                 slow_vdd1v2

  Point                                    Incr       Path
  -----------------------------------------------------------
  clock clk (rise edge)                    0.00       0.00
  clock network delay (ideal)              0.00       0.00
  input external delay                     0.00       0.00 f
  sram_rdata_x0[14] (in)                   0.01       0.01 f
  fp64_reg_2_reg_0__14_/RN (DFFTRXL)       0.02       0.02 f
  data arrival time                                   0.02

  clock clk (rise edge)                    0.00       0.00
  clock network delay (ideal)              0.00       0.00
  fp64_reg_2_reg_0__14_/CK (DFFTRXL)       0.00       0.00 r
  library hold time                       -0.01      -0.01
  data required time                                 -0.01
  -----------------------------------------------------------
  data required time                                 -0.01
  data arrival time                                  -0.02
  -----------------------------------------------------------
  slack (MET)                                         0.03


1
