 
****************************************
Report : timing
        -path full
        -delay min
        -max_paths 4
Design : fp64_reciprocal
Version: R-2020.09-SP5
Date   : Wed Dec 17 10:42:26 2025
****************************************

Operating Conditions: PVT_1P08V_125C   Library: slow_vdd1v2
Wire Load Model Mode: enclosed

  Startpoint: in_A[9] (input port clocked by clk)
  Endpoint: D_reg0_reg_12_
            (rising edge-triggered flip-flop clocked by clk)
  Path Group: clk
  Path Type: min

  Des/Clust/Port     Wire Load Model       Library
  ------------------------------------------------
  fp64_reciprocal    Large                 slow_vdd1v2

  Point                                    Incr       Path
  -----------------------------------------------------------
  clock clk (rise edge)                    0.00       0.00
  clock network delay (ideal)              0.00       0.00
  input external delay                     0.00       0.00 f
  in_A[9] (in)                             0.00       0.00 f
  D_reg0_reg_12_/RN (DFFTRXL)              0.02       0.02 f
  data arrival time                                   0.02

  clock clk (rise edge)                    0.00       0.00
  clock network delay (ideal)              0.00       0.00
  D_reg0_reg_12_/CK (DFFTRXL)              0.00       0.00 r
  library hold time                       -0.01      -0.01
  data required time                                 -0.01
  -----------------------------------------------------------
  data required time                                 -0.01
  data arrival time                                  -0.02
  -----------------------------------------------------------
  slack (MET)                                         0.03


  Startpoint: in_A[8] (input port clocked by clk)
  Endpoint: D_reg0_reg_11_
            (rising edge-triggered flip-flop clocked by clk)
  Path Group: clk
  Path Type: min

  Des/Clust/Port     Wire Load Model       Library
  ------------------------------------------------
  fp64_reciprocal    Large                 slow_vdd1v2

  Point                                    Incr       Path
  -----------------------------------------------------------
  clock clk (rise edge)                    0.00       0.00
  clock network delay (ideal)              0.00       0.00
  input external delay                     0.00       0.00 f
  in_A[8] (in)                             0.00       0.00 f
  D_reg0_reg_11_/RN (DFFTRXL)              0.02       0.02 f
  data arrival time                                   0.02

  clock clk (rise edge)                    0.00       0.00
  clock network delay (ideal)              0.00       0.00
  D_reg0_reg_11_/CK (DFFTRXL)              0.00       0.00 r
  library hold time                       -0.01      -0.01
  data required time                                 -0.01
  -----------------------------------------------------------
  data required time                                 -0.01
  data arrival time                                  -0.02
  -----------------------------------------------------------
  slack (MET)                                         0.03


  Startpoint: in_A[6] (input port clocked by clk)
  Endpoint: D_reg0_reg_9_
            (rising edge-triggered flip-flop clocked by clk)
  Path Group: clk
  Path Type: min

  Des/Clust/Port     Wire Load Model       Library
  ------------------------------------------------
  fp64_reciprocal    Large                 slow_vdd1v2

  Point                                    Incr       Path
  -----------------------------------------------------------
  clock clk (rise edge)                    0.00       0.00
  clock network delay (ideal)              0.00       0.00
  input external delay                     0.00       0.00 f
  in_A[6] (in)                             0.00       0.00 f
  D_reg0_reg_9_/RN (DFFTRXL)               0.02       0.02 f
  data arrival time                                   0.02

  clock clk (rise edge)                    0.00       0.00
  clock network delay (ideal)              0.00       0.00
  D_reg0_reg_9_/CK (DFFTRXL)               0.00       0.00 r
  library hold time                       -0.01      -0.01
  data required time                                 -0.01
  -----------------------------------------------------------
  data required time                                 -0.01
  data arrival time                                  -0.02
  -----------------------------------------------------------
  slack (MET)                                         0.03


  Startpoint: in_A[4] (input port clocked by clk)
  Endpoint: D_reg0_reg_7_
            (rising edge-triggered flip-flop clocked by clk)
  Path Group: clk
  Path Type: min

  Des/Clust/Port     Wire Load Model       Library
  ------------------------------------------------
  fp64_reciprocal    Large                 slow_vdd1v2

  Point                                    Incr       Path
  -----------------------------------------------------------
  clock clk (rise edge)                    0.00       0.00
  clock network delay (ideal)              0.00       0.00
  input external delay                     0.00       0.00 f
  in_A[4] (in)                             0.00       0.00 f
  D_reg0_reg_7_/RN (DFFTRXL)               0.02       0.02 f
  data arrival time                                   0.02

  clock clk (rise edge)                    0.00       0.00
  clock network delay (ideal)              0.00       0.00
  D_reg0_reg_7_/CK (DFFTRXL)               0.00       0.00 r
  library hold time                       -0.01      -0.01
  data required time                                 -0.01
  -----------------------------------------------------------
  data required time                                 -0.01
  data arrival time                                  -0.02
  -----------------------------------------------------------
  slack (MET)                                         0.03


1
