 
****************************************
Report : timing
        -path full
        -delay max
        -max_paths 4
Design : fp64_reciprocal
Version: R-2020.09-SP5
Date   : Sun Dec 21 14:30:10 2025
****************************************

Operating Conditions: PVT_1P08V_125C   Library: slow_vdd1v2
Wire Load Model Mode: enclosed

  Startpoint: D_reg1_reg_41_
              (rising edge-triggered flip-flop clocked by clk)
  Endpoint: F_reg2_reg_55_
            (rising edge-triggered flip-flop clocked by clk)
  Path Group: clk
  Path Type: max

  Des/Clust/Port     Wire Load Model       Library
  ------------------------------------------------
  fp64_reciprocal    Large                 slow_vdd1v2

  Point                                    Incr       Path
  -----------------------------------------------------------
  clock clk (rise edge)                    0.00       0.00
  clock network delay (ideal)              0.00       0.00
  D_reg1_reg_41_/CK (DFFQX1)               0.00       0.00 r
  D_reg1_reg_41_/Q (DFFQX1)                0.11       0.11 f
  U11426/Y (XNOR2X1)                       0.14       0.25 r
  U11586/Y (NAND2X1)                       0.14       0.39 f
  U6346/Y (OAI22XL)                        0.12       0.51 r
  U7795/CO (ADDFXL)                        0.25       0.76 r
  U25355/CO (ADDFX1)                       0.23       0.98 r
  U10036/S (ADDFXL)                        0.20       1.18 r
  U25378/CO (ADDFX1)                       0.18       1.36 r
  U25377/CO (ADDFXL)                       0.22       1.58 r
  U10523/S (ADDFX1)                        0.28       1.86 f
  U32468/Y (INVXL)                         0.04       1.90 r
  U470/S (ADDHX1)                          0.16       2.06 f
  U32606/Y (NAND2XL)                       0.04       2.10 r
  U32607/Y (INVXL)                         0.05       2.15 f
  U32608/Y (AOI21XL)                       0.06       2.21 r
  U17314/Y (OAI21XL)                       0.09       2.29 f
  U17313/Y (AOI21XL)                       0.07       2.36 r
  U11238/Y (NAND2XL)                       0.08       2.45 f
  U5189/Y (NAND2BXL)                       0.05       2.50 r
  U15285/Y (NAND2XL)                       0.07       2.57 f
  U16016/Y (AOI21XL)                       0.09       2.66 r
  U16130/Y (OAI21XL)                       0.10       2.76 f
  U11062/Y (AND2XL)                        0.08       2.83 f
  U15445/Y (NOR2XL)                        0.06       2.89 r
  U17783/Y (NOR2BXL)                       0.06       2.95 f
  U11508/Y (NOR2BXL)                       0.06       3.01 r
  U11507/Y (XOR2XL)                        0.13       3.14 r
  F_reg2_reg_55_/D (DFFQXL)                0.03       3.17 r
  data arrival time                                   3.17

  clock clk (rise edge)                    3.23       3.23
  clock network delay (ideal)              0.00       3.23
  F_reg2_reg_55_/CK (DFFQXL)               0.00       3.23 r
  library setup time                      -0.06       3.17
  data required time                                  3.17
  -----------------------------------------------------------
  data required time                                  3.17
  data arrival time                                  -3.17
  -----------------------------------------------------------
  slack (MET)                                         0.00


  Startpoint: D_reg1_reg_23_
              (rising edge-triggered flip-flop clocked by clk)
  Endpoint: F_reg2_reg_47_
            (rising edge-triggered flip-flop clocked by clk)
  Path Group: clk
  Path Type: max

  Des/Clust/Port     Wire Load Model       Library
  ------------------------------------------------
  fp64_reciprocal    Large                 slow_vdd1v2

  Point                                    Incr       Path
  -----------------------------------------------------------
  clock clk (rise edge)                    0.00       0.00
  clock network delay (ideal)              0.00       0.00
  D_reg1_reg_23_/CK (DFFQX1)               0.00       0.00 r
  D_reg1_reg_23_/Q (DFFQX1)                0.12       0.12 f
  U4664/Y (XNOR2XL)                        0.13       0.25 r
  U10124/Y (NAND2BX1)                      0.10       0.35 f
  U26457/Y (BUFX2)                         0.09       0.43 f
  U26358/Y (OAI22XL)                       0.07       0.50 r
  U2284/S (ADDFX1)                         0.31       0.81 f
  U5678/S (ADDFXL)                         0.25       1.06 r
  U5201/S (ADDFXL)                         0.27       1.33 f
  U5964/S (ADDFX1)                         0.27       1.60 r
  U15066/Y (XOR3XL)                        0.21       1.80 r
  U5731/S (ADDFX1)                         0.28       2.08 f
  U27235/Y (NAND2XL)                       0.04       2.12 r
  U27237/Y (OAI21XL)                       0.07       2.19 f
  U27238/Y (AOI21XL)                       0.08       2.27 r
  U18704/Y (INVXL)                         0.06       2.33 f
  U32547/Y (AOI21XL)                       0.06       2.39 r
  U10563/Y (AOI2BB1XL)                     0.08       2.47 r
  U32555/Y (AOI21XL)                       0.09       2.55 f
  U32561/Y (OAI21XL)                       0.08       2.63 r
  U7763/Y (AO21XL)                         0.13       2.77 r
  U11398/Y (NAND2XL)                       0.08       2.85 f
  U11403/Y (NOR2BX1)                       0.07       2.92 f
  U4254/Y (NOR2XL)                         0.05       2.97 r
  U4253/Y (NOR2XL)                         0.06       3.03 f
  U32641/Y (XOR2XL)                        0.12       3.14 r
  F_reg2_reg_47_/D (DFFQXL)                0.03       3.17 r
  data arrival time                                   3.17

  clock clk (rise edge)                    3.23       3.23
  clock network delay (ideal)              0.00       3.23
  F_reg2_reg_47_/CK (DFFQXL)               0.00       3.23 r
  library setup time                      -0.06       3.17
  data required time                                  3.17
  -----------------------------------------------------------
  data required time                                  3.17
  data arrival time                                  -3.17
  -----------------------------------------------------------
  slack (MET)                                         0.00


  Startpoint: F_reg2_reg_21_
              (rising edge-triggered flip-flop clocked by clk)
  Endpoint: N_reg3_reg_56_
            (rising edge-triggered flip-flop clocked by clk)
  Path Group: clk
  Path Type: max

  Des/Clust/Port     Wire Load Model       Library
  ------------------------------------------------
  fp64_reciprocal    Large                 slow_vdd1v2

  Point                                    Incr       Path
  -----------------------------------------------------------
  clock clk (rise edge)                    0.00       0.00
  clock network delay (ideal)              0.00       0.00
  F_reg2_reg_21_/CK (DFFQX1)               0.00       0.00 r
  F_reg2_reg_21_/Q (DFFQX1)                0.12       0.12 f
  U11674/Y (NOR2X1)                        0.07       0.19 r
  U22540/Y (NOR2XL)                        0.06       0.25 f
  U22587/Y (AOI21XL)                       0.06       0.31 r
  U22588/Y (OAI21XL)                       0.09       0.40 f
  U23299/Y (BUFX2)                         0.08       0.48 f
  U8781/Y (INVXL)                          0.04       0.52 r
  U23255/Y (OAI21XL)                       0.06       0.58 f
  U7848/Y (AOI21XL)                        0.07       0.65 r
  U5330/Y (XNOR2X1)                        0.17       0.82 f
  U17921/Y (OAI21XL)                       0.08       0.90 r
  U12274/Y (XOR2XL)                        0.14       1.04 r
  U23615/CO (ADDFX1)                       0.23       1.28 r
  U7262/CO (ADDFX1)                        0.20       1.47 r
  U7160/CO (ADDFX1)                        0.17       1.65 r
  U6985/S (ADDFX1)                         0.22       1.86 r
  U11225/Y (XOR3XL)                        0.19       2.06 f
  U11224/Y (XOR2XL)                        0.12       2.17 r
  U15865/Y (XOR2XL)                        0.14       2.31 f
  U23729/Y (NOR2XL)                        0.06       2.37 r
  U23730/Y (NOR2XL)                        0.06       2.43 f
  U17482/Y (AO21XL)                        0.09       2.52 f
  U24915/Y (OAI2BB1XL)                     0.07       2.59 f
  U24916/Y (AOI21XL)                       0.07       2.66 r
  U5257/Y (OAI21XL)                        0.09       2.75 f
  U15775/Y (NAND2XL)                       0.06       2.82 r
  U17855/Y (NOR2BXL)                       0.05       2.87 f
  U16101/Y (NOR2XL)                        0.07       2.93 r
  U18290/Y (AOI2BB1XL)                     0.08       3.01 r
  U30526/Y (XOR2XL)                        0.13       3.14 r
  N_reg3_reg_56_/D (DFFQXL)                0.03       3.17 r
  data arrival time                                   3.17

  clock clk (rise edge)                    3.23       3.23
  clock network delay (ideal)              0.00       3.23
  N_reg3_reg_56_/CK (DFFQXL)               0.00       3.23 r
  library setup time                      -0.06       3.17
  data required time                                  3.17
  -----------------------------------------------------------
  data required time                                  3.17
  data arrival time                                  -3.17
  -----------------------------------------------------------
  slack (MET)                                         0.00


  Startpoint: N_reg3_reg_23_
              (rising edge-triggered flip-flop clocked by clk)
  Endpoint: in_B_reg_50_
            (rising edge-triggered flip-flop clocked by clk)
  Path Group: clk
  Path Type: max

  Des/Clust/Port     Wire Load Model       Library
  ------------------------------------------------
  fp64_reciprocal    Large                 slow_vdd1v2

  Point                                    Incr       Path
  -----------------------------------------------------------
  clock clk (rise edge)                    0.00       0.00
  clock network delay (ideal)              0.00       0.00
  N_reg3_reg_23_/CK (DFFQX1)               0.00       0.00 r
  N_reg3_reg_23_/Q (DFFQX1)                0.11       0.11 r
  U15835/Y (INVXL)                         0.05       0.16 f
  U5796/Y (INVXL)                          0.10       0.26 r
  U3996/Y (XNOR2X1)                        0.15       0.41 f
  U11509/Y (OAI22XL)                       0.07       0.48 r
  U5179/CO (ADDFXL)                        0.19       0.67 r
  U4757/CO (ADDFXL)                        0.17       0.84 r
  U3046/CO (ADDFX1)                        0.18       1.02 r
  U4994/S (ADDFXL)                         0.27       1.28 f
  U13753/Y (OAI21XL)                       0.07       1.35 r
  U16870/Y (NAND2XL)                       0.08       1.44 f
  U721/CO (ADDFX1)                         0.18       1.62 f
  U17739/Y (XNOR2XL)                       0.13       1.75 r
  U11434/Y (XOR3XL)                        0.20       1.94 f
  U29729/Y (NOR2XL)                        0.05       2.00 r
  U30363/Y (OAI21XL)                       0.08       2.08 f
  U30367/Y (AOI21XL)                       0.07       2.15 r
  U17293/Y (OAI21XL)                       0.08       2.24 f
  U17292/Y (AOI21XL)                       0.08       2.31 r
  U4736/Y (OAI21XL)                        0.07       2.39 f
  U11976/Y (AOI21XL)                       0.08       2.47 r
  U10848/Y (OA21XL)                        0.10       2.57 r
  U5145/Y (OAI2BB2X1)                      0.09       2.66 f
  U11082/Y (NOR2XL)                        0.08       2.74 r
  U6123/Y (NOR2BXL)                        0.06       2.81 f
  U17675/Y (NOR2XL)                        0.06       2.87 r
  U18077/Y (XNOR2XL)                       0.13       3.00 f
  U11666/Y (AOI222XL)                      0.08       3.08 r
  U33017/Y (INVXL)                         0.08       3.16 f
  in_B_reg_50_/D (DFFQXL)                  0.03       3.19 f
  data arrival time                                   3.19

  clock clk (rise edge)                    3.23       3.23
  clock network delay (ideal)              0.00       3.23
  in_B_reg_50_/CK (DFFQXL)                 0.00       3.23 r
  library setup time                      -0.04       3.19
  data required time                                  3.19
  -----------------------------------------------------------
  data required time                                  3.19
  data arrival time                                  -3.19
  -----------------------------------------------------------
  slack (MET)                                         0.00


1
