 
****************************************
Report : timing
        -path full
        -delay max
        -max_paths 1
Design : fp64_reciprocal
Version: R-2020.09-SP5
Date   : Sun Dec 21 14:30:11 2025
****************************************

Operating Conditions: PVT_1P08V_125C   Library: slow_vdd1v2
Wire Load Model Mode: enclosed

  Startpoint: D_reg1_reg_41_
              (rising edge-triggered flip-flop clocked by clk)
  Endpoint: F_reg2_reg_55_
            (rising edge-triggered flip-flop clocked by clk)
  Path Group: clk
  Path Type: max

  Des/Clust/Port     Wire Load Model       Library
  ------------------------------------------------
  fp64_reciprocal    Large                 slow_vdd1v2

  Point                                    Incr       Path
  -----------------------------------------------------------
  clock clk (rise edge)                  0.0000     0.0000
  clock network delay (ideal)            0.0000     0.0000
  D_reg1_reg_41_/CK (DFFQX1)             0.0000     0.0000 r
  D_reg1_reg_41_/Q (DFFQX1)              0.1125     0.1125 f
  U11426/Y (XNOR2X1)                     0.1375     0.2500 r
  U11586/Y (NAND2X1)                     0.1394     0.3894 f
  U6346/Y (OAI22XL)                      0.1200     0.5094 r
  U7795/CO (ADDFXL)                      0.2491     0.7584 r
  U25355/CO (ADDFX1)                     0.2255     0.9840 r
  U10036/S (ADDFXL)                      0.1989     1.1829 r
  U25378/CO (ADDFX1)                     0.1773     1.3602 r
  U25377/CO (ADDFXL)                     0.2195     1.5797 r
  U10523/S (ADDFX1)                      0.2798     1.8595 f
  U32468/Y (INVXL)                       0.0411     1.9006 r
  U470/S (ADDHX1)                        0.1614     2.0620 f
  U32606/Y (NAND2XL)                     0.0412     2.1031 r
  U32607/Y (INVXL)                       0.0455     2.1486 f
  U32608/Y (AOI21XL)                     0.0576     2.2062 r
  U17314/Y (OAI21XL)                     0.0878     2.2940 f
  U17313/Y (AOI21XL)                     0.0708     2.3648 r
  U11238/Y (NAND2XL)                     0.0828     2.4475 f
  U5189/Y (NAND2BXL)                     0.0543     2.5019 r
  U15285/Y (NAND2XL)                     0.0707     2.5726 f
  U16016/Y (AOI21XL)                     0.0851     2.6577 r
  U16130/Y (OAI21XL)                     0.0975     2.7552 f
  U11062/Y (AND2XL)                      0.0762     2.8313 f
  U15445/Y (NOR2XL)                      0.0592     2.8906 r
  U17783/Y (NOR2BXL)                     0.0599     2.9505 f
  U11508/Y (NOR2BXL)                     0.0610     3.0115 r
  U11507/Y (XOR2XL)                      0.1292     3.1407 r
  F_reg2_reg_55_/D (DFFQXL)              0.0310     3.1717 r
  data arrival time                                 3.1717

  clock clk (rise edge)                  3.2300     3.2300
  clock network delay (ideal)            0.0000     3.2300
  F_reg2_reg_55_/CK (DFFQXL)             0.0000     3.2300 r
  library setup time                    -0.0583     3.1717
  data required time                                3.1717
  -----------------------------------------------------------
  data required time                                3.1717
  data arrival time                                -3.1717
  -----------------------------------------------------------
  slack (MET)                                       0.0000


1
