 
****************************************
Report : timing
        -path full
        -delay max
        -max_paths 4
Design : delT
Version: R-2020.09-SP5
Date   : Sun Dec 21 14:30:49 2025
****************************************

Operating Conditions: PVT_1P08V_125C   Library: slow_vdd1v2
Wire Load Model Mode: enclosed

  Startpoint: state_reg_0_
              (rising edge-triggered flip-flop clocked by clk)
  Endpoint: clk_gate_row_cnt_in_reg/latch
            (negative level-sensitive latch clocked by clk)
  Path Group: clk
  Path Type: max

  Des/Clust/Port     Wire Load Model       Library
  ------------------------------------------------
  delT               Large                 slow_vdd1v2

  Point                                                   Incr       Path
  --------------------------------------------------------------------------
  clock clk (rise edge)                                   0.00       0.00
  clock network delay (ideal)                             0.00       0.00
  state_reg_0_/CK (DFFRHQX1)                              0.00       0.00 r
  state_reg_0_/Q (DFFRHQX1)                               0.15       0.15 f
  U4472/Y (INVX1)                                         0.08       0.23 r
  U3554/Y (INVXL)                                         0.08       0.30 f
  U3972/Y (OR2XL)                                         0.12       0.42 f
  U3892/Y (INVXL)                                         0.11       0.53 r
  U4492/Y (NAND2XL)                                       0.11       0.64 f
  U4498/Y (NAND2XL)                                       0.07       0.71 r
  U4500/Y (INVXL)                                         0.08       0.79 f
  U3555/Y (AOI31XL)                                       0.08       0.86 r
  U3635/Y (OAI31XL)                                       0.10       0.96 f
  clk_gate_row_cnt_in_reg/EN (SNPS_CLOCK_GATE_HIGH_delT_mydesign_16)
                                                          0.00       0.96 f
  clk_gate_row_cnt_in_reg/latch/D (TLATNXL)               0.03       0.99 f
  data arrival time                                                  0.99

  clock clk (fall edge)                                   1.75       1.75
  clock network delay (ideal)                             0.00       1.75
  clk_gate_row_cnt_in_reg/latch/GN (TLATNXL)              0.00       1.75 f
  time borrowed from endpoint                             0.00       1.75
  data required time                                                 1.75
  --------------------------------------------------------------------------
  data required time                                                 1.75
  data arrival time                                                 -0.99
  --------------------------------------------------------------------------
  slack (MET)                                                        0.76

  Time Borrowing Information
  --------------------------------------------------------------
  clk nominal pulse width                                 1.75   
  library setup time                                     -0.05   
  --------------------------------------------------------------
  max time borrow                                         1.70   
  actual time borrow                                      0.00   
  --------------------------------------------------------------


  Startpoint: state_reg_0_
              (rising edge-triggered flip-flop clocked by clk)
  Endpoint: clk_gate_row_cnt_out_reg/latch
            (negative level-sensitive latch clocked by clk)
  Path Group: clk
  Path Type: max

  Des/Clust/Port     Wire Load Model       Library
  ------------------------------------------------
  delT               Large                 slow_vdd1v2

  Point                                                   Incr       Path
  --------------------------------------------------------------------------
  clock clk (rise edge)                                   0.00       0.00
  clock network delay (ideal)                             0.00       0.00
  state_reg_0_/CK (DFFRHQX1)                              0.00       0.00 r
  state_reg_0_/Q (DFFRHQX1)                               0.16       0.16 r
  U4472/Y (INVX1)                                         0.08       0.24 f
  U3554/Y (INVXL)                                         0.07       0.31 r
  U5041/Y (NAND2XL)                                       0.14       0.45 f
  U4495/Y (INVXL)                                         0.10       0.55 r
  U4889/Y (NOR2XL)                                        0.06       0.61 f
  U4821/Y (NAND2XL)                                       0.06       0.67 r
  clk_gate_row_cnt_out_reg/EN (SNPS_CLOCK_GATE_HIGH_delT_mydesign_0)
                                                          0.00       0.67 r
  clk_gate_row_cnt_out_reg/latch/D (TLATNXL)              0.02       0.69 r
  data arrival time                                                  0.69

  clock clk (fall edge)                                   1.75       1.75
  clock network delay (ideal)                             0.00       1.75
  clk_gate_row_cnt_out_reg/latch/GN (TLATNXL)             0.00       1.75 f
  time borrowed from endpoint                             0.00       1.75
  data required time                                                 1.75
  --------------------------------------------------------------------------
  data required time                                                 1.75
  data arrival time                                                 -0.69
  --------------------------------------------------------------------------
  slack (MET)                                                        1.06

  Time Borrowing Information
  --------------------------------------------------------------
  clk nominal pulse width                                 1.75   
  library setup time                                     -0.07   
  --------------------------------------------------------------
  max time borrow                                         1.68   
  actual time borrow                                      0.00   
  --------------------------------------------------------------


  Startpoint: state_reg_0_
              (rising edge-triggered flip-flop clocked by clk)
  Endpoint: clk_gate_cnt_out_reg/latch
            (negative level-sensitive latch clocked by clk)
  Path Group: clk
  Path Type: max

  Des/Clust/Port     Wire Load Model       Library
  ------------------------------------------------
  delT               Large                 slow_vdd1v2

  Point                                                   Incr       Path
  --------------------------------------------------------------------------
  clock clk (rise edge)                                   0.00       0.00
  clock network delay (ideal)                             0.00       0.00
  state_reg_0_/CK (DFFRHQX1)                              0.00       0.00 r
  state_reg_0_/Q (DFFRHQX1)                               0.16       0.16 r
  U4472/Y (INVX1)                                         0.08       0.24 f
  U3554/Y (INVXL)                                         0.07       0.31 r
  U5041/Y (NAND2XL)                                       0.14       0.45 f
  U4564/Y (NOR2XL)                                        0.11       0.56 r
  U4820/Y (NAND2BXL)                                      0.07       0.64 f
  clk_gate_cnt_out_reg/EN (SNPS_CLOCK_GATE_HIGH_delT_mydesign_15)
                                                          0.00       0.64 f
  clk_gate_cnt_out_reg/latch/D (TLATNXL)                  0.03       0.66 f
  data arrival time                                                  0.66

  clock clk (fall edge)                                   1.75       1.75
  clock network delay (ideal)                             0.00       1.75
  clk_gate_cnt_out_reg/latch/GN (TLATNXL)                 0.00       1.75 f
  time borrowed from endpoint                             0.00       1.75
  data required time                                                 1.75
  --------------------------------------------------------------------------
  data required time                                                 1.75
  data arrival time                                                 -0.66
  --------------------------------------------------------------------------
  slack (MET)                                                        1.09

  Time Borrowing Information
  --------------------------------------------------------------
  clk nominal pulse width                                 1.75   
  library setup time                                     -0.04   
  --------------------------------------------------------------
  max time borrow                                         1.71   
  actual time borrow                                      0.00   
  --------------------------------------------------------------


  Startpoint: state_reg_0_
              (rising edge-triggered flip-flop clocked by clk)
  Endpoint: clk_gate_cyclic_data_0_reg/latch
            (negative level-sensitive latch clocked by clk)
  Path Group: clk
  Path Type: max

  Des/Clust/Port     Wire Load Model       Library
  ------------------------------------------------
  delT               Large                 slow_vdd1v2

  Point                                                   Incr       Path
  --------------------------------------------------------------------------
  clock clk (rise edge)                                   0.00       0.00
  clock network delay (ideal)                             0.00       0.00
  state_reg_0_/CK (DFFRHQX1)                              0.00       0.00 r
  state_reg_0_/Q (DFFRHQX1)                               0.16       0.16 r
  U4472/Y (INVX1)                                         0.08       0.24 f
  U5064/Y (NOR2XL)                                        0.09       0.34 r
  U4084/Y (OAI31XL)                                       0.15       0.49 f
  clk_gate_cyclic_data_0_reg/EN (SNPS_CLOCK_GATE_HIGH_delT_mydesign_14)
                                                          0.00       0.49 f
  clk_gate_cyclic_data_0_reg/latch/D (TLATNXL)            0.01       0.50 f
  data arrival time                                                  0.50

  clock clk (fall edge)                                   1.75       1.75
  clock network delay (ideal)                             0.00       1.75
  clk_gate_cyclic_data_0_reg/latch/GN (TLATNXL)           0.00       1.75 f
  time borrowed from endpoint                             0.00       1.75
  data required time                                                 1.75
  --------------------------------------------------------------------------
  data required time                                                 1.75
  data arrival time                                                 -0.50
  --------------------------------------------------------------------------
  slack (MET)                                                        1.25

  Time Borrowing Information
  --------------------------------------------------------------
  clk nominal pulse width                                 1.75   
  library setup time                                     -0.07   
  --------------------------------------------------------------
  max time borrow                                         1.68   
  actual time borrow                                      0.00   
  --------------------------------------------------------------


1
