 
****************************************
Report : area
Design : delT
Version: R-2020.09-SP5
Date   : Sun Dec 21 14:30:49 2025
****************************************

Library(s) Used:

    slow_vdd1v2 (File: /usr/cadtool/GPDK45/gsclib045_svt_v4.4/gsclib045/db/slow_vdd1v2_basicCells_wl.db)

Number of ports:                         5623
Number of nets:                          5442
Number of cells:                         4121
Number of combinational cells:           3810
Number of sequential cells:               294
Number of macros/black boxes:               0
Number of buf/inv:                        789
Number of references:                      57

Combinational area:               5951.826133
Buf/Inv area:                      660.744015
Noncombinational area:            1798.236040
Macro/Black Box area:                0.000000
Net Interconnect area:               0.000000

Total cell area:                  7750.062173
Total area:                       7750.062173

Hierarchical area distribution
------------------------------

                                  Global cell area          Local cell area
                                  ------------------  ---------------------------- 
Hierarchical cell                 Absolute   Percent  Combi-     Noncombi-  Black-
                                  Total      Total    national   national   boxes   Design
--------------------------------  ---------  -------  ---------  ---------  ------  -------------------------------------
delT                              7750.0622    100.0  5928.5701  1705.2120  0.0000  delT
clk_gate_cnt_out_reg                 6.8400      0.1     1.3680     5.4720  0.0000  SNPS_CLOCK_GATE_HIGH_delT_mydesign_15
clk_gate_cyclic_data_0_reg           6.8400      0.1     1.3680     5.4720  0.0000  SNPS_CLOCK_GATE_HIGH_delT_mydesign_14
clk_gate_cyclic_data_0_reg_0         6.8400      0.1     1.3680     5.4720  0.0000  SNPS_CLOCK_GATE_HIGH_delT_mydesign_13
clk_gate_cyclic_data_0_reg_1         6.8400      0.1     1.3680     5.4720  0.0000  SNPS_CLOCK_GATE_HIGH_delT_mydesign_12
clk_gate_cyclic_data_0_reg_2         6.8400      0.1     1.3680     5.4720  0.0000  SNPS_CLOCK_GATE_HIGH_delT_mydesign_11
clk_gate_cyclic_data_0_reg_3         6.8400      0.1     1.3680     5.4720  0.0000  SNPS_CLOCK_GATE_HIGH_delT_mydesign_10
clk_gate_cyclic_data_0_reg_4         6.8400      0.1     1.3680     5.4720  0.0000  SNPS_CLOCK_GATE_HIGH_delT_mydesign_9
clk_gate_cyclic_data_0_reg_5         6.8400      0.1     1.3680     5.4720  0.0000  SNPS_CLOCK_GATE_HIGH_delT_mydesign_8
clk_gate_cyclic_data_1_reg           6.8400      0.1     1.3680     5.4720  0.0000  SNPS_CLOCK_GATE_HIGH_delT_mydesign_7
clk_gate_cyclic_data_1_reg_0         6.8400      0.1     1.3680     5.4720  0.0000  SNPS_CLOCK_GATE_HIGH_delT_mydesign_6
clk_gate_cyclic_data_1_reg_1         6.8400      0.1     1.3680     5.4720  0.0000  SNPS_CLOCK_GATE_HIGH_delT_mydesign_5
clk_gate_cyclic_data_1_reg_2         6.8400      0.1     1.3680     5.4720  0.0000  SNPS_CLOCK_GATE_HIGH_delT_mydesign_4
clk_gate_cyclic_data_1_reg_3         6.8400      0.1     1.3680     5.4720  0.0000  SNPS_CLOCK_GATE_HIGH_delT_mydesign_3
clk_gate_cyclic_data_1_reg_4         6.8400      0.1     1.3680     5.4720  0.0000  SNPS_CLOCK_GATE_HIGH_delT_mydesign_2
clk_gate_cyclic_data_1_reg_5         6.8400      0.1     1.3680     5.4720  0.0000  SNPS_CLOCK_GATE_HIGH_delT_mydesign_1
clk_gate_row_cnt_in_reg              6.8400      0.1     1.3680     5.4720  0.0000  SNPS_CLOCK_GATE_HIGH_delT_mydesign_16
clk_gate_row_cnt_out_reg             6.8400      0.1     1.3680     5.4720  0.0000  SNPS_CLOCK_GATE_HIGH_delT_mydesign_0
--------------------------------  ---------  -------  ---------  ---------  ------  -------------------------------------
Total                                                 5951.8261  1798.2360  0.0000

1
