 
****************************************
Report : timing
        -path full
        -delay max
        -max_paths 4
Design : int2fp
Version: R-2020.09-SP5
Date   : Thu Dec 11 23:26:02 2025
****************************************

Operating Conditions: PVT_1P08V_125C   Library: slow_vdd1v2
Wire Load Model Mode: enclosed

  Startpoint: in_int[7] (input port clocked by clk)
  Endpoint: out_fp_reg_54_
            (rising edge-triggered flip-flop clocked by clk)
  Path Group: clk
  Path Type: max

  Des/Clust/Port     Wire Load Model       Library
  ------------------------------------------------
  int2fp             Large                 slow_vdd1v2

  Point                                    Incr       Path
  -----------------------------------------------------------
  clock clk (rise edge)                    0.00       0.00
  clock network delay (ideal)              0.00       0.00
  input external delay                     0.90       0.90 f
  in_int[7] (in)                           0.02       0.92 f
  U132/Y (NOR2XL)                          0.07       0.99 r
  U64/Y (NAND2X1)                          0.10       1.09 f
  U133/Y (INVXL)                           0.06       1.15 r
  U63/Y (NAND4X1)                          0.21       1.36 f
  U68/Y (NOR2X1)                           0.16       1.52 r
  out_fp_reg_54_/S0 (SMDFFHQX1)            0.05       1.57 r
  data arrival time                                   1.57

  clock clk (rise edge)                    3.00       3.00
  clock network delay (ideal)              0.00       3.00
  out_fp_reg_54_/CK (SMDFFHQX1)            0.00       3.00 r
  library setup time                      -0.18       2.82
  data required time                                  2.82
  -----------------------------------------------------------
  data required time                                  2.82
  data arrival time                                  -1.57
  -----------------------------------------------------------
  slack (MET)                                         1.25


  Startpoint: in_int[7] (input port clocked by clk)
  Endpoint: out_fp_reg_53_
            (rising edge-triggered flip-flop clocked by clk)
  Path Group: clk
  Path Type: max

  Des/Clust/Port     Wire Load Model       Library
  ------------------------------------------------
  int2fp             Large                 slow_vdd1v2

  Point                                    Incr       Path
  -----------------------------------------------------------
  clock clk (rise edge)                    0.00       0.00
  clock network delay (ideal)              0.00       0.00
  input external delay                     0.90       0.90 f
  in_int[7] (in)                           0.02       0.92 f
  U132/Y (NOR2XL)                          0.07       0.99 r
  U64/Y (NAND2X1)                          0.10       1.09 f
  U133/Y (INVXL)                           0.06       1.15 r
  U63/Y (NAND4X1)                          0.21       1.36 f
  U68/Y (NOR2X1)                           0.16       1.52 r
  out_fp_reg_53_/S0 (SMDFFHQX1)            0.05       1.57 r
  data arrival time                                   1.57

  clock clk (rise edge)                    3.00       3.00
  clock network delay (ideal)              0.00       3.00
  out_fp_reg_53_/CK (SMDFFHQX1)            0.00       3.00 r
  library setup time                      -0.18       2.82
  data required time                                  2.82
  -----------------------------------------------------------
  data required time                                  2.82
  data arrival time                                  -1.57
  -----------------------------------------------------------
  slack (MET)                                         1.25


  Startpoint: in_int[7] (input port clocked by clk)
  Endpoint: out_fp_reg_52_
            (rising edge-triggered flip-flop clocked by clk)
  Path Group: clk
  Path Type: max

  Des/Clust/Port     Wire Load Model       Library
  ------------------------------------------------
  int2fp             Large                 slow_vdd1v2

  Point                                    Incr       Path
  -----------------------------------------------------------
  clock clk (rise edge)                    0.00       0.00
  clock network delay (ideal)              0.00       0.00
  input external delay                     0.90       0.90 f
  in_int[7] (in)                           0.02       0.92 f
  U132/Y (NOR2XL)                          0.07       0.99 r
  U64/Y (NAND2X1)                          0.10       1.09 f
  U133/Y (INVXL)                           0.06       1.15 r
  U63/Y (NAND4X1)                          0.21       1.36 f
  U68/Y (NOR2X1)                           0.16       1.52 r
  out_fp_reg_52_/S0 (SMDFFHQX1)            0.05       1.57 r
  data arrival time                                   1.57

  clock clk (rise edge)                    3.00       3.00
  clock network delay (ideal)              0.00       3.00
  out_fp_reg_52_/CK (SMDFFHQX1)            0.00       3.00 r
  library setup time                      -0.18       2.82
  data required time                                  2.82
  -----------------------------------------------------------
  data required time                                  2.82
  data arrival time                                  -1.57
  -----------------------------------------------------------
  slack (MET)                                         1.25


  Startpoint: in_int[7] (input port clocked by clk)
  Endpoint: out_fp_reg_52_
            (rising edge-triggered flip-flop clocked by clk)
  Path Group: clk
  Path Type: max

  Des/Clust/Port     Wire Load Model       Library
  ------------------------------------------------
  int2fp             Large                 slow_vdd1v2

  Point                                    Incr       Path
  -----------------------------------------------------------
  clock clk (rise edge)                    0.00       0.00
  clock network delay (ideal)              0.00       0.00
  input external delay                     0.90       0.90 f
  in_int[7] (in)                           0.02       0.92 f
  U132/Y (NOR2XL)                          0.07       0.99 r
  U64/Y (NAND2X1)                          0.10       1.09 f
  U133/Y (INVXL)                           0.06       1.15 r
  U63/Y (NAND4X1)                          0.21       1.36 f
  U69/Y (NOR2X1)                           0.16       1.52 r
  out_fp_reg_52_/SE (SMDFFHQX1)            0.05       1.57 r
  data arrival time                                   1.57

  clock clk (rise edge)                    3.00       3.00
  clock network delay (ideal)              0.00       3.00
  out_fp_reg_52_/CK (SMDFFHQX1)            0.00       3.00 r
  library setup time                      -0.11       2.89
  data required time                                  2.89
  -----------------------------------------------------------
  data required time                                  2.89
  data arrival time                                  -1.57
  -----------------------------------------------------------
  slack (MET)                                         1.32


1
