 
****************************************
Report : timing
        -path full
        -delay max
        -nworst 2
        -max_paths 4
Design : int2fp
Version: R-2020.09-SP5
Date   : Thu Dec 11 23:26:02 2025
****************************************

Operating Conditions: PVT_1P08V_125C   Library: slow_vdd1v2
Wire Load Model Mode: enclosed

  Startpoint: in_int[7] (input port clocked by clk)
  Endpoint: out_fp_reg_54_
            (rising edge-triggered flip-flop clocked by clk)
  Path Group: clk
  Path Type: max

  Des/Clust/Port     Wire Load Model       Library
  ------------------------------------------------
  int2fp             Large                 slow_vdd1v2

  Point                                    Incr       Path
  -----------------------------------------------------------
  clock clk (rise edge)                  0.0000     0.0000
  clock network delay (ideal)            0.0000     0.0000
  input external delay                   0.9000     0.9000 f
  in_int[7] (in)                         0.0180     0.9180 f
  U132/Y (NOR2XL)                        0.0727     0.9907 r
  U64/Y (NAND2X1)                        0.1023     1.0931 f
  U133/Y (INVXL)                         0.0592     1.1522 r
  U63/Y (NAND4X1)                        0.2077     1.3599 f
  U68/Y (NOR2X1)                         0.1596     1.5195 r
  out_fp_reg_54_/S0 (SMDFFHQX1)          0.0513     1.5707 r
  data arrival time                                 1.5707

  clock clk (rise edge)                  3.0000     3.0000
  clock network delay (ideal)            0.0000     3.0000
  out_fp_reg_54_/CK (SMDFFHQX1)          0.0000     3.0000 r
  library setup time                    -0.1801     2.8199
  data required time                                2.8199
  -----------------------------------------------------------
  data required time                                2.8199
  data arrival time                                -1.5707
  -----------------------------------------------------------
  slack (MET)                                       1.2492


  Startpoint: in_int[7] (input port clocked by clk)
  Endpoint: out_fp_reg_53_
            (rising edge-triggered flip-flop clocked by clk)
  Path Group: clk
  Path Type: max

  Des/Clust/Port     Wire Load Model       Library
  ------------------------------------------------
  int2fp             Large                 slow_vdd1v2

  Point                                    Incr       Path
  -----------------------------------------------------------
  clock clk (rise edge)                  0.0000     0.0000
  clock network delay (ideal)            0.0000     0.0000
  input external delay                   0.9000     0.9000 f
  in_int[7] (in)                         0.0180     0.9180 f
  U132/Y (NOR2XL)                        0.0727     0.9907 r
  U64/Y (NAND2X1)                        0.1023     1.0931 f
  U133/Y (INVXL)                         0.0592     1.1522 r
  U63/Y (NAND4X1)                        0.2077     1.3599 f
  U68/Y (NOR2X1)                         0.1596     1.5195 r
  out_fp_reg_53_/S0 (SMDFFHQX1)          0.0513     1.5707 r
  data arrival time                                 1.5707

  clock clk (rise edge)                  3.0000     3.0000
  clock network delay (ideal)            0.0000     3.0000
  out_fp_reg_53_/CK (SMDFFHQX1)          0.0000     3.0000 r
  library setup time                    -0.1801     2.8199
  data required time                                2.8199
  -----------------------------------------------------------
  data required time                                2.8199
  data arrival time                                -1.5707
  -----------------------------------------------------------
  slack (MET)                                       1.2492


  Startpoint: in_int[7] (input port clocked by clk)
  Endpoint: out_fp_reg_52_
            (rising edge-triggered flip-flop clocked by clk)
  Path Group: clk
  Path Type: max

  Des/Clust/Port     Wire Load Model       Library
  ------------------------------------------------
  int2fp             Large                 slow_vdd1v2

  Point                                    Incr       Path
  -----------------------------------------------------------
  clock clk (rise edge)                  0.0000     0.0000
  clock network delay (ideal)            0.0000     0.0000
  input external delay                   0.9000     0.9000 f
  in_int[7] (in)                         0.0180     0.9180 f
  U132/Y (NOR2XL)                        0.0727     0.9907 r
  U64/Y (NAND2X1)                        0.1023     1.0931 f
  U133/Y (INVXL)                         0.0592     1.1522 r
  U63/Y (NAND4X1)                        0.2077     1.3599 f
  U68/Y (NOR2X1)                         0.1596     1.5195 r
  out_fp_reg_52_/S0 (SMDFFHQX1)          0.0513     1.5707 r
  data arrival time                                 1.5707

  clock clk (rise edge)                  3.0000     3.0000
  clock network delay (ideal)            0.0000     3.0000
  out_fp_reg_52_/CK (SMDFFHQX1)          0.0000     3.0000 r
  library setup time                    -0.1801     2.8199
  data required time                                2.8199
  -----------------------------------------------------------
  data required time                                2.8199
  data arrival time                                -1.5707
  -----------------------------------------------------------
  slack (MET)                                       1.2492


  Startpoint: in_int[5] (input port clocked by clk)
  Endpoint: out_fp_reg_52_
            (rising edge-triggered flip-flop clocked by clk)
  Path Group: clk
  Path Type: max

  Des/Clust/Port     Wire Load Model       Library
  ------------------------------------------------
  int2fp             Large                 slow_vdd1v2

  Point                                    Incr       Path
  -----------------------------------------------------------
  clock clk (rise edge)                  0.0000     0.0000
  clock network delay (ideal)            0.0000     0.0000
  input external delay                   0.9000     0.9000 f
  in_int[5] (in)                         0.0132     0.9132 f
  U132/Y (NOR2XL)                        0.0647     0.9779 r
  U64/Y (NAND2X1)                        0.1023     1.0802 f
  U133/Y (INVXL)                         0.0592     1.1394 r
  U63/Y (NAND4X1)                        0.2077     1.3471 f
  U68/Y (NOR2X1)                         0.1596     1.5066 r
  out_fp_reg_52_/S0 (SMDFFHQX1)          0.0513     1.5579 r
  data arrival time                                 1.5579

  clock clk (rise edge)                  3.0000     3.0000
  clock network delay (ideal)            0.0000     3.0000
  out_fp_reg_52_/CK (SMDFFHQX1)          0.0000     3.0000 r
  library setup time                    -0.1801     2.8199
  data required time                                2.8199
  -----------------------------------------------------------
  data required time                                2.8199
  data arrival time                                -1.5579
  -----------------------------------------------------------
  slack (MET)                                       1.2620


1
