 
****************************************
Report : timing
        -path full
        -delay min
        -max_paths 4
Design : int2fp
Version: R-2020.09-SP5
Date   : Thu Dec 11 23:26:02 2025
****************************************

Operating Conditions: PVT_1P08V_125C   Library: slow_vdd1v2
Wire Load Model Mode: enclosed

  Startpoint: in_valid (input port clocked by clk)
  Endpoint: out_valid_reg
            (rising edge-triggered flip-flop clocked by clk)
  Path Group: clk
  Path Type: min

  Des/Clust/Port     Wire Load Model       Library
  ------------------------------------------------
  int2fp             Large                 slow_vdd1v2

  Point                                    Incr       Path
  -----------------------------------------------------------
  clock clk (rise edge)                    0.00       0.00
  clock network delay (ideal)              0.00       0.00
  input external delay                     0.90       0.90 f
  in_valid (in)                            0.00       0.90 f
  out_valid_reg/D (DFFQXL)                 0.03       0.93 f
  data arrival time                                   0.93

  clock clk (rise edge)                    0.00       0.00
  clock network delay (ideal)              0.00       0.00
  out_valid_reg/CK (DFFQXL)                0.00       0.00 r
  library hold time                        0.00       0.00
  data required time                                  0.00
  -----------------------------------------------------------
  data required time                                  0.00
  data arrival time                                  -0.93
  -----------------------------------------------------------
  slack (MET)                                         0.93


  Startpoint: in_int[0] (input port clocked by clk)
  Endpoint: out_fp_reg_54_
            (rising edge-triggered flip-flop clocked by clk)
  Path Group: clk
  Path Type: min

  Des/Clust/Port     Wire Load Model       Library
  ------------------------------------------------
  int2fp             Large                 slow_vdd1v2

  Point                                    Incr       Path
  -----------------------------------------------------------
  clock clk (rise edge)                    0.00       0.00
  clock network delay (ideal)              0.00       0.00
  input external delay                     0.90       0.90 r
  in_int[0] (in)                           0.01       0.91 r
  U69/Y (NOR2X1)                           0.05       0.96 f
  out_fp_reg_54_/SE (SMDFFHQX1)            0.04       1.00 f
  data arrival time                                   1.00

  clock clk (rise edge)                    0.00       0.00
  clock network delay (ideal)              0.00       0.00
  out_fp_reg_54_/CK (SMDFFHQX1)            0.00       0.00 r
  library hold time                       -0.03      -0.03
  data required time                                 -0.03
  -----------------------------------------------------------
  data required time                                 -0.03
  data arrival time                                  -1.00
  -----------------------------------------------------------
  slack (MET)                                         1.03


  Startpoint: in_int[0] (input port clocked by clk)
  Endpoint: out_fp_reg_53_
            (rising edge-triggered flip-flop clocked by clk)
  Path Group: clk
  Path Type: min

  Des/Clust/Port     Wire Load Model       Library
  ------------------------------------------------
  int2fp             Large                 slow_vdd1v2

  Point                                    Incr       Path
  -----------------------------------------------------------
  clock clk (rise edge)                    0.00       0.00
  clock network delay (ideal)              0.00       0.00
  input external delay                     0.90       0.90 r
  in_int[0] (in)                           0.01       0.91 r
  U69/Y (NOR2X1)                           0.05       0.96 f
  out_fp_reg_53_/SE (SMDFFHQX1)            0.04       1.00 f
  data arrival time                                   1.00

  clock clk (rise edge)                    0.00       0.00
  clock network delay (ideal)              0.00       0.00
  out_fp_reg_53_/CK (SMDFFHQX1)            0.00       0.00 r
  library hold time                       -0.03      -0.03
  data required time                                 -0.03
  -----------------------------------------------------------
  data required time                                 -0.03
  data arrival time                                  -1.00
  -----------------------------------------------------------
  slack (MET)                                         1.03


  Startpoint: in_int[0] (input port clocked by clk)
  Endpoint: out_fp_reg_52_
            (rising edge-triggered flip-flop clocked by clk)
  Path Group: clk
  Path Type: min

  Des/Clust/Port     Wire Load Model       Library
  ------------------------------------------------
  int2fp             Large                 slow_vdd1v2

  Point                                    Incr       Path
  -----------------------------------------------------------
  clock clk (rise edge)                    0.00       0.00
  clock network delay (ideal)              0.00       0.00
  input external delay                     0.90       0.90 r
  in_int[0] (in)                           0.01       0.91 r
  U69/Y (NOR2X1)                           0.05       0.96 f
  out_fp_reg_52_/SE (SMDFFHQX1)            0.04       1.00 f
  data arrival time                                   1.00

  clock clk (rise edge)                    0.00       0.00
  clock network delay (ideal)              0.00       0.00
  out_fp_reg_52_/CK (SMDFFHQX1)            0.00       0.00 r
  library hold time                       -0.03      -0.03
  data required time                                 -0.03
  -----------------------------------------------------------
  data required time                                 -0.03
  data arrival time                                  -1.00
  -----------------------------------------------------------
  slack (MET)                                         1.03


1
