
################################################################################
#
# This file has been generated by SpyGlass:
#     Report Name      : moresimple
#     Report Created by: u110022124
#     Report Created on:  Fri Dec 26 21:19:46 2025
#     Working Directory: /home/u110/u110022124/ICLAB/Image_Exposure_Correction/spyglass
#     SpyGlass Version : SpyGlass_vR-2020.12-SP2
#     Policy Name      : SpyGlass(SpyGlass_vR-2020.12-SP2)
#                        clock-reset(SpyGlass_vR-2020.12-SP2)
#                        erc(SpyGlass_vR-2020.12-SP2)
#                        latch(SpyGlass_vR-2020.12-SP2)
#                        lint(SpyGlass_vR-2020.12-SP2)
#                        morelint(SpyGlass_vR-2020.12-SP2)
#                        openmore(SpyGlass_vR-2020.12-SP2)
#                        power_est(SpyGlass_vR-2020.12-SP2)
#                        simulation(SpyGlass_vR-2020.12-SP2)
#                        starc(SpyGlass_vR-2020.12-SP2)
#                        starc2005(SpyGlass_vR-2020.12-SP2)
#                        txv(SpyGlass_vR-2020.12-SP2)
#
#     Total Number of Generated Messages :         57
#     Number of Waived Messages          :          0
#     Number of Reported Messages        :         57
#     Number of Overlimit Messages       :          0
#
#
################################################################################

+++++++++++++++++++++++++++++++++++++++++++++++++++++++++++++++++++++++
MORESIMPLE REPORT:


############### BuiltIn -> RuleGroup=Design Read ###############
+++++++++++++++++++++++++++++++++++++++++++++++++++++++++++++++++++++++++++++++++++++++
ID       Rule                    Alias                   Severity    File                                                                     Line    Wt      Message
======================================================================================
[2]      DetectTopDesignUnits    DetectTopDesignUnits    Info        ../hdl/IEC_top.v                                                         1       2       Module IEC_top is a top level design unit
[5]      DetectTopDesignUnits    DetectTopDesignUnits    Info        ../sub_module/mul/hdl/LOD_128.v                                          36      2       Module LOD_128 is a top level design unit
[8]      DetectTopDesignUnits    DetectTopDesignUnits    Info        ../sub_module/mul/hdl/add_12_overflow.v                                  6       2       Module add_12_overflow is a top level design unit
[7]      DetectTopDesignUnits    DetectTopDesignUnits    Info        ../sub_module/mul/hdl/add_53.v                                           5       2       Module add_53 is a top level design unit
[6]      DetectTopDesignUnits    DetectTopDesignUnits    Info        ../sub_module/mul/hdl/add_54.v                                           7       2       Module add_54 is a top level design unit
[A]      DetectTopDesignUnits    DetectTopDesignUnits    Info        ../sub_module/mul/hdl/mont_add.v                                         2       2       Module mont_add is a top level design unit
[B]      DetectTopDesignUnits    DetectTopDesignUnits    Info        ../sub_module/mul/hdl/mont_sub.v                                         2       2       Module mont_sub is a top level design unit
[4]      DetectTopDesignUnits    DetectTopDesignUnits    Info        ../sub_module/mul/hdl/mul_53.v                                           1       2       Module mul_53 is a top level design unit
[3]      DetectTopDesignUnits    DetectTopDesignUnits    Info        ../sub_module/mul/hdl/mul_64.v                                           48      2       Module mul_64 is a top level design unit
[9]      DetectTopDesignUnits    DetectTopDesignUnits    Info        ../sub_module/mul/hdl/sub_107.v                                          5       2       Module sub_107 is a top level design unit
[0]      WRN_69                  WRN_69                  Warning     ../sub_module/mul/hdl/mul_16.v                                           42      1000    Compiler directive `timescale found for module 'mul_16' (in the file ../sub_module/mul/hdl/mul_16.v at line 5) while previous modules do not
[1]      ElabSummary             ElabSummary             Info        ./spyglass-1/lint/lint_rtl/spyglass_reports/SpyGlass/elab_summary.rpt    0       2       Please refer file './spyglass-1/lint/lint_rtl/spyglass_reports/SpyGlass/elab_summary.rpt' for elab summary report
+++++++++++++++++++++++++++++++++++++++++++++++++++++++++++++++++++++++++++++++++++++++


############### Non-BuiltIn -> Goal=lint/lint_rtl ###############
+++++++++++++++++++++++++++++++++++++++++++++++++++++++++++++++++++++++++++++++++++++++
ID       Rule               Alias                 Severity    File                                                                      Line    Wt    Message
======================================================================================
[1B8]    STARC05-1.3.1.3    AsyncResetOtherUse    Warning     ../sub_module/mul/hdl/fp_add.v                                            367     10    Asynchronous reset signal 'IEC_top.rst_n' (flop: 'IEC_top.mul_U0.fp_add_01.pip1_NaN') used as non-reset/synchronous-reset at instance 'IEC_top.\done_cnt_reg[0] .EN' (File Name: '../hdl/IEC_top.v' ,Line no.: '845')
[1B9]    STARC05-1.3.1.3    AsyncResetOtherUse    Warning     ../sub_module/mul/hdl/mul_16.v                                            385     10    Asynchronous reset signal 'mul_64.rst_n' (flop: 'mul_64.\GEN_MUL16_0[0].mul_16_0 .stage_1_0') used as non-reset/synchronous-reset at instance 'mul_64.stage_2_0_reg.D' (File Name: '../sub_module/mul/hdl/mul_64.v' ,Line no.: '683')
[14]     W116                                     Warning     ../sub_module/fft/hdl/fft.v                                               1161    10    For operator (|), left expression: "((cnt_in >> 5) << 1)" width 10 should match right expression: "cnt_in[3]" width 1. [Hierarchy: ':IEC_top:u_fft@fft']
[15]     W116                                     Warning     ../sub_module/fft/hdl/fft.v                                               1162    10    For operator (|), left expression: "((cnt_in >> 5) << 1)" width 10 should match right expression: "cnt_in[3]" width 1. [Hierarchy: ':IEC_top:u_fft@fft']
[16]     W116                                     Warning     ../sub_module/fft/hdl/fft.v                                               1163    10    For operator (|), left expression: "((cnt_in >> 5) << 1)" width 10 should match right expression: "cnt_in[3]" width 1. [Hierarchy: ':IEC_top:u_fft@fft']
[17]     W116                                     Warning     ../sub_module/fft/hdl/fft.v                                               1164    10    For operator (|), left expression: "((cnt_in >> 5) << 1)" width 10 should match right expression: "cnt_in[3]" width 1. [Hierarchy: ':IEC_top:u_fft@fft']
[18]     W116                                     Warning     ../sub_module/fft/hdl/fft.v                                               1165    10    For operator (|), left expression: "((cnt_in >> 5) << 1)" width 10 should match right expression: "cnt_in[3]" width 1. [Hierarchy: ':IEC_top:u_fft@fft']
[19]     W116                                     Warning     ../sub_module/fft/hdl/fft.v                                               1166    10    For operator (|), left expression: "((cnt_in >> 5) << 1)" width 10 should match right expression: "cnt_in[3]" width 1. [Hierarchy: ':IEC_top:u_fft@fft']
[1A]     W116                                     Warning     ../sub_module/fft/hdl/fft.v                                               1167    10    For operator (|), left expression: "((cnt_in >> 5) << 1)" width 10 should match right expression: "cnt_in[3]" width 1. [Hierarchy: ':IEC_top:u_fft@fft']
[1B]     W116                                     Warning     ../sub_module/fft/hdl/fft.v                                               1168    10    For operator (|), left expression: "((cnt_in >> 5) << 1)" width 10 should match right expression: "cnt_in[3]" width 1. [Hierarchy: ':IEC_top:u_fft@fft']
[1C]     W116                                     Warning     ../sub_module/fft/hdl/fft.v                                               1169    10    For operator (|), left expression: "((cnt_in >> 5) << 1)" width 10 should match right expression: "cnt_in[3]" width 1. [Hierarchy: ':IEC_top:u_fft@fft']
[1D]     W116                                     Warning     ../sub_module/fft/hdl/fft.v                                               1170    10    For operator (|), left expression: "((cnt_in >> 5) << 1)" width 10 should match right expression: "cnt_in[3]" width 1. [Hierarchy: ':IEC_top:u_fft@fft']
[1E]     W116                                     Warning     ../sub_module/fft/hdl/fft.v                                               1171    10    For operator (|), left expression: "((cnt_in >> 5) << 1)" width 10 should match right expression: "cnt_in[3]" width 1. [Hierarchy: ':IEC_top:u_fft@fft']
[1F]     W116                                     Warning     ../sub_module/fft/hdl/fft.v                                               1172    10    For operator (|), left expression: "((cnt_in >> 5) << 1)" width 10 should match right expression: "cnt_in[3]" width 1. [Hierarchy: ':IEC_top:u_fft@fft']
[20]     W116                                     Warning     ../sub_module/fft/hdl/fft.v                                               1173    10    For operator (|), left expression: "((cnt_in >> 5) << 1)" width 10 should match right expression: "cnt_in[3]" width 1. [Hierarchy: ':IEC_top:u_fft@fft']
[21]     W116                                     Warning     ../sub_module/fft/hdl/fft.v                                               1174    10    For operator (|), left expression: "((cnt_in >> 5) << 1)" width 10 should match right expression: "cnt_in[3]" width 1. [Hierarchy: ':IEC_top:u_fft@fft']
[22]     W116                                     Warning     ../sub_module/fft/hdl/fft.v                                               1175    10    For operator (|), left expression: "((cnt_in >> 5) << 1)" width 10 should match right expression: "cnt_in[3]" width 1. [Hierarchy: ':IEC_top:u_fft@fft']
[23]     W116                                     Warning     ../sub_module/fft/hdl/fft.v                                               1176    10    For operator (|), left expression: "((cnt_in >> 5) << 1)" width 10 should match right expression: "cnt_in[3]" width 1. [Hierarchy: ':IEC_top:u_fft@fft']
[37]     W240                                     Warning     ../sub_module/delT/hdl/delT.v                                             35      10    Input 'sram_rdata_x0[63:0]' declared but not read.[Hierarchy: ':IEC_top:u_delT@delT']
[36]     W240                                     Warning     ../sub_module/delT/hdl/delT.v                                             36      10    Input 'sram_rdata_x1[63:0]' declared but not read.[Hierarchy: ':IEC_top:u_delT@delT']
[35]     W240                                     Warning     ../sub_module/delT/hdl/delT.v                                             37      10    Input 'sram_rdata_x2[63:0]' declared but not read.[Hierarchy: ':IEC_top:u_delT@delT']
[34]     W240                                     Warning     ../sub_module/delT/hdl/delT.v                                             38      10    Input 'sram_rdata_x3[63:0]' declared but not read.[Hierarchy: ':IEC_top:u_delT@delT']
[26]     W240                                     Warning     ../sub_module/fft/hdl/bpe.v                                               36      10    Input 'o_rdy' declared but not read.[Hierarchy: ':IEC_top:u_fft@fft:u_bpe0@bpe']
[32]     W240                                     Warning     ../sub_module/fp64_recip/hdl/fp64_recip.v                                 5       10    Input 'srst_n' declared but not read.[Hierarchy: ':IEC_top:fp_recip_U0@fp64_reciprocal']
[C]      W287b                                    Warning     ../hdl/IEC_top.v                                                          2420    5     Instance output port 'sramA_csb' is not connected
[D]      W287b                                    Warning     ../hdl/IEC_top.v                                                          2420    5     Instance output port 'sramB_csb' is not connected
[E]      W287b                                    Warning     ../hdl/IEC_top.v                                                          3313    5     Instance output port 'result_int' is not connected
[F]      W287b                                    Warning     ../hdl/IEC_top.v                                                          3323    5     Instance output port 'result_int' is not connected
[13]     W528                                     Warning     ../hdl/IEC_top.v                                                          1882    10    Variable 'trans_flag_y_d1' set but not read.[Hierarchy: ':IEC_top']
[12]     W528                                     Warning     ../hdl/IEC_top.v                                                          1929    10    Variable 'dont_fresh_d7_d8' set but not read.[Hierarchy: ':IEC_top']
[28]     W528                                     Warning     ../sub_module/fft/hdl/bpe.v                                               324     10    Variable 'mul_result_int_wire[127:0]' set but not read.[Hierarchy: ':IEC_top:u_fft@fft:u_bpe0@bpe']
[29]     W528                                     Warning     ../sub_module/fft/hdl/bpe.v                                               388     10    Variable 'fp_add_out_valid[3:0]' set but not read.[Hierarchy: ':IEC_top:u_fft@fft:u_bpe0@bpe']
[24]     W528                                     Warning     ../sub_module/fft/hdl/fft.v                                               1434    10    Variable 'bpe0_i_rdy' set but not read.[Hierarchy: ':IEC_top:u_fft@fft']
[25]     W528                                     Warning     ../sub_module/fft/hdl/fft.v                                               1481    10    Variable 'bpe1_i_rdy' set but not read.[Hierarchy: ':IEC_top:u_fft@fft']
[11]     W528                                     Warning     ../sub_module/mul/hdl/CLA17.v                                             38      10    Variable 'stage0_Cin' set but not read.[Hierarchy: ':mont_sub:CLA17_1@CLA17']
[31]     W528                                     Warning     ../sub_module/mul/hdl/CLA33.v                                             38      10    Variable 'stage0_Cin' set but not read.[Hierarchy: ':IEC_top:mul_U0@mul:CLA33_1@CLA33']
[2E]     W528                                     Warning     ../sub_module/mul/hdl/mul.v                                               256     10    Variable 'a_im[63:0]' set but not read.[Hierarchy: ':IEC_top:mul_U0@mul']
[2C]     W528                                     Warning     ../sub_module/mul/hdl/mul.v                                               415     10    Variable 'wallace_out_valid[2:0]' set but not read.[Hierarchy: ':IEC_top:mul_U0@mul']
[2A]     W528                                     Warning     ../sub_module/mul/hdl/mul.v                                               432     10    Variable 'complex_mode' set but not read.[Hierarchy: ':IEC_top:mul_U0@mul']
[2B]     W528                                     Warning     ../sub_module/mul/hdl/mul.v                                               433     10    Variable 'float_mode' set but not read.[Hierarchy: ':IEC_top:mul_U0@mul']
[2D]     W528                                     Warning     ../sub_module/mul/hdl/mul.v                                               570     10    Variable 'mont_n_valid[7:0]' set but not read.[Hierarchy: ':IEC_top:mul_U0@mul']
[30]     W528                                     Warning     ../sub_module/mul/hdl/mul16_array_ntt.v                                   182     10    Variable 'partA'(64 bits) set but not read.[Hierarchy: ':IEC_top:mul_U0@mul:mul16_array_a@mul16_array_ntt']
[2F]     W528                                     Warning     ../sub_module/mul/hdl/mul16_array_ntt.v                                   187     10    Variable 'partB'(64 bits) set but not read.[Hierarchy: ':IEC_top:mul_U0@mul:mul16_array_a@mul16_array_ntt']
[33]     W240                                     Info        ./spyglass-1/lint/lint_rtl/spyglass_reports/lint/SignalUsageReport.rpt    0       10    Please refer to 'SignalUsageReport.rpt' for details of violating bits
[27]     W528                                     Info        ./spyglass-1/lint/lint_rtl/spyglass_reports/lint/SignalUsageReport.rpt    0       10    Please refer to 'SignalUsageReport.rpt' for details of violating bits
+++++++++++++++++++++++++++++++++++++++++++++++++++++++++++++++++++++++++++++++++++++++

################################################################################
#
# This file has been generated by SpyGlass:
#     Report Name      : moresimple
#     Report Created by: u110022124
#     Report Created on: Fri Dec 26 21:20:23 2025
#     Working Directory: /home/u110/u110022124/ICLAB/Image_Exposure_Correction/spyglass
#     SpyGlass Version : SpyGlass_vR-2020.12-SP2
#     Policy Name      : SpyGlass(SpyGlass_vR-2020.12-SP2)
#                        auto-verify(SpyGlass_vR-2020.12-SP2)
#                        erc(SpyGlass_vR-2020.12-SP2)
#                        latch(SpyGlass_vR-2020.12-SP2)
#                        lint(SpyGlass_vR-2020.12-SP2)
#                        morelint(SpyGlass_vR-2020.12-SP2)
#                        openmore(SpyGlass_vR-2020.12-SP2)
#                        simulation(SpyGlass_vR-2020.12-SP2)
#                        starc(SpyGlass_vR-2020.12-SP2)
#                        starc2005(SpyGlass_vR-2020.12-SP2)
#
#     Total Number of Generated Primary Messages   :         57
#     Total Number of Generated Secondary Messages :          4
#     Number of Waived Primary Messages            :          0
#     Number of Waived Secondary Messages          :          0
#     Number of Reported Primary Messages          :         57
#     Number of Overlimit Messages                 :          0
#
#
################################################################################

++++++++++++++++++++++++++++++++++++++++++++++++++++++++++++++++++++++++++++++++++++++++++++++++++++++++++++++++
MORESIMPLE REPORT:


############### BuiltIn -> RuleGroup=Command-line read ###############
++++++++++++++++++++++++++++++++++++++++++++++++++++++++++++++++++++++++++++++++++++++++++++++++++++++++++++++++++++++++
ID       Rule                     Alias          Severity    File    Line    Wt    Secondary Msg Count    Message
========================================================================================================================
[0]      checkCMD_unset_option    UnsetOption    Warning     N.A.    0       10    NA                     Option/Parameter 'enable_save_restore': Feature 'save-restore' is not supported with option 'policy=auto-verify'.Disabling all 'save-restore' related options
+++++++++++++++++++++++++++++++++++++++++++++++++++++++++++++++++++++++++++++++++++++++++++++++++++++++++++++++++++++++


############### BuiltIn -> RuleGroup=Design Read ###############
++++++++++++++++++++++++++++++++++++++++++++++++++++++++++++++++++++++++++++++++++++++++++++++++++++++++++++++++++++++++
ID       Rule                    Alias                   Severity    File                                                                           Line    Wt      Secondary Msg Count    Message
========================================================================================================================
[4]      DetectTopDesignUnits    DetectTopDesignUnits    Info        ../hdl/IEC_top.v                                                               1       2       NA                     Module IEC_top is a top level design unit
[7]      DetectTopDesignUnits    DetectTopDesignUnits    Info        ../sub_module/mul/hdl/LOD_128.v                                                36      2       NA                     Module LOD_128 is a top level design unit
[A]      DetectTopDesignUnits    DetectTopDesignUnits    Info        ../sub_module/mul/hdl/add_12_overflow.v                                        6       2       NA                     Module add_12_overflow is a top level design unit
[9]      DetectTopDesignUnits    DetectTopDesignUnits    Info        ../sub_module/mul/hdl/add_53.v                                                 5       2       NA                     Module add_53 is a top level design unit
[8]      DetectTopDesignUnits    DetectTopDesignUnits    Info        ../sub_module/mul/hdl/add_54.v                                                 7       2       NA                     Module add_54 is a top level design unit
[C]      DetectTopDesignUnits    DetectTopDesignUnits    Info        ../sub_module/mul/hdl/mont_add.v                                               2       2       NA                     Module mont_add is a top level design unit
[D]      DetectTopDesignUnits    DetectTopDesignUnits    Info        ../sub_module/mul/hdl/mont_sub.v                                               2       2       NA                     Module mont_sub is a top level design unit
[6]      DetectTopDesignUnits    DetectTopDesignUnits    Info        ../sub_module/mul/hdl/mul_53.v                                                 1       2       NA                     Module mul_53 is a top level design unit
[5]      DetectTopDesignUnits    DetectTopDesignUnits    Info        ../sub_module/mul/hdl/mul_64.v                                                 48      2       NA                     Module mul_64 is a top level design unit
[B]      DetectTopDesignUnits    DetectTopDesignUnits    Info        ../sub_module/mul/hdl/sub_107.v                                                5       2       NA                     Module sub_107 is a top level design unit
[2]      WRN_69                  WRN_69                  Warning     ../sub_module/mul/hdl/mul_16.v                                                 42      1000    NA                     Compiler directive `timescale found for module 'mul_16' (in the file ../sub_module/mul/hdl/mul_16.v at line 5) while previous modules do not
[3]      ElabSummary             ElabSummary             Info        ./spyglass-1/lint/lint_turbo_rtl/spyglass_reports/SpyGlass/elab_summary.rpt    0       2       NA                     Please refer file './spyglass-1/lint/lint_turbo_rtl/spyglass_reports/SpyGlass/elab_summary.rpt' for elab summary report
[1]      TurboModeStatus         TurboModeStatus         Info        N.A.                                                                           0       10      NA                     Turbo-Mode is enabled in the current run as turbo_struct license feature successfully checked out
+++++++++++++++++++++++++++++++++++++++++++++++++++++++++++++++++++++++++++++++++++++++++++++++++++++++++++++++++++++++


############### Non-BuiltIn -> Goal=lint/lint_turbo_rtl ###############
++++++++++++++++++++++++++++++++++++++++++++++++++++++++++++++++++++++++++++++++++++++++++++++++++++++++++++++++++++++++
ID       Rule               Alias                 Severity    File                                                                            Line    Wt    Secondary Msg Count    Message
========================================================================================================================
[1C0]    STARC05-1.3.1.3    AsyncResetOtherUse    Warning     ../sub_module/mul/hdl/fp_add.v                                                  367     10    NA                     Asynchronous reset signal 'IEC_top.rst_n' (flop: 'IEC_top.mul_U0.fp_add_01.pip1_NaN') used as non-reset/synchronous-reset at instance 'IEC_top.\done_cnt_reg[0] .EN' (File Name: '../hdl/IEC_top.v' ,Line no.: '845')
[1C1]    STARC05-1.3.1.3    AsyncResetOtherUse    Warning     ../sub_module/mul/hdl/mul_16.v                                                  385     10    NA                     Asynchronous reset signal 'mul_64.rst_n' (flop: 'mul_64.\GEN_MUL16_0[0].mul_16_0 .stage_1_0') used as non-reset/synchronous-reset at instance 'mul_64.stage_2_0_reg.D' (File Name: '../sub_module/mul/hdl/mul_64.v' ,Line no.: '683')
[27]     W116                                     Warning     ../sub_module/fft/hdl/fft.v                                                     1161    10    NA                     For operator (|), left expression: "((cnt_in >> 5) << 1)" width 10 should match right expression: "cnt_in[3]" width 1. [Hierarchy: ':IEC_top:u_fft@fft']
[28]     W116                                     Warning     ../sub_module/fft/hdl/fft.v                                                     1162    10    NA                     For operator (|), left expression: "((cnt_in >> 5) << 1)" width 10 should match right expression: "cnt_in[3]" width 1. [Hierarchy: ':IEC_top:u_fft@fft']
[29]     W116                                     Warning     ../sub_module/fft/hdl/fft.v                                                     1163    10    NA                     For operator (|), left expression: "((cnt_in >> 5) << 1)" width 10 should match right expression: "cnt_in[3]" width 1. [Hierarchy: ':IEC_top:u_fft@fft']
[2A]     W116                                     Warning     ../sub_module/fft/hdl/fft.v                                                     1164    10    NA                     For operator (|), left expression: "((cnt_in >> 5) << 1)" width 10 should match right expression: "cnt_in[3]" width 1. [Hierarchy: ':IEC_top:u_fft@fft']
[2B]     W116                                     Warning     ../sub_module/fft/hdl/fft.v                                                     1165    10    NA                     For operator (|), left expression: "((cnt_in >> 5) << 1)" width 10 should match right expression: "cnt_in[3]" width 1. [Hierarchy: ':IEC_top:u_fft@fft']
[2C]     W116                                     Warning     ../sub_module/fft/hdl/fft.v                                                     1166    10    NA                     For operator (|), left expression: "((cnt_in >> 5) << 1)" width 10 should match right expression: "cnt_in[3]" width 1. [Hierarchy: ':IEC_top:u_fft@fft']
[2D]     W116                                     Warning     ../sub_module/fft/hdl/fft.v                                                     1167    10    NA                     For operator (|), left expression: "((cnt_in >> 5) << 1)" width 10 should match right expression: "cnt_in[3]" width 1. [Hierarchy: ':IEC_top:u_fft@fft']
[2E]     W116                                     Warning     ../sub_module/fft/hdl/fft.v                                                     1168    10    NA                     For operator (|), left expression: "((cnt_in >> 5) << 1)" width 10 should match right expression: "cnt_in[3]" width 1. [Hierarchy: ':IEC_top:u_fft@fft']
[2F]     W116                                     Warning     ../sub_module/fft/hdl/fft.v                                                     1169    10    NA                     For operator (|), left expression: "((cnt_in >> 5) << 1)" width 10 should match right expression: "cnt_in[3]" width 1. [Hierarchy: ':IEC_top:u_fft@fft']
[30]     W116                                     Warning     ../sub_module/fft/hdl/fft.v                                                     1170    10    NA                     For operator (|), left expression: "((cnt_in >> 5) << 1)" width 10 should match right expression: "cnt_in[3]" width 1. [Hierarchy: ':IEC_top:u_fft@fft']
[31]     W116                                     Warning     ../sub_module/fft/hdl/fft.v                                                     1171    10    NA                     For operator (|), left expression: "((cnt_in >> 5) << 1)" width 10 should match right expression: "cnt_in[3]" width 1. [Hierarchy: ':IEC_top:u_fft@fft']
[32]     W116                                     Warning     ../sub_module/fft/hdl/fft.v                                                     1172    10    NA                     For operator (|), left expression: "((cnt_in >> 5) << 1)" width 10 should match right expression: "cnt_in[3]" width 1. [Hierarchy: ':IEC_top:u_fft@fft']
[33]     W116                                     Warning     ../sub_module/fft/hdl/fft.v                                                     1173    10    NA                     For operator (|), left expression: "((cnt_in >> 5) << 1)" width 10 should match right expression: "cnt_in[3]" width 1. [Hierarchy: ':IEC_top:u_fft@fft']
[34]     W116                                     Warning     ../sub_module/fft/hdl/fft.v                                                     1174    10    NA                     For operator (|), left expression: "((cnt_in >> 5) << 1)" width 10 should match right expression: "cnt_in[3]" width 1. [Hierarchy: ':IEC_top:u_fft@fft']
[35]     W116                                     Warning     ../sub_module/fft/hdl/fft.v                                                     1175    10    NA                     For operator (|), left expression: "((cnt_in >> 5) << 1)" width 10 should match right expression: "cnt_in[3]" width 1. [Hierarchy: ':IEC_top:u_fft@fft']
[36]     W116                                     Warning     ../sub_module/fft/hdl/fft.v                                                     1176    10    NA                     For operator (|), left expression: "((cnt_in >> 5) << 1)" width 10 should match right expression: "cnt_in[3]" width 1. [Hierarchy: ':IEC_top:u_fft@fft']
[38]     W240                                     Warning     ../sub_module/delT/hdl/delT.v                                                   35      10    NA                     Input 'sram_rdata_x0[63:0]' declared but not read.[Hierarchy: ':IEC_top:u_delT@delT']
[3A]     W240                                     Warning     ../sub_module/delT/hdl/delT.v                                                   36      10    NA                     Input 'sram_rdata_x1[63:0]' declared but not read.[Hierarchy: ':IEC_top:u_delT@delT']
[3C]     W240                                     Warning     ../sub_module/delT/hdl/delT.v                                                   37      10    NA                     Input 'sram_rdata_x2[63:0]' declared but not read.[Hierarchy: ':IEC_top:u_delT@delT']
[3E]     W240                                     Warning     ../sub_module/delT/hdl/delT.v                                                   38      10    NA                     Input 'sram_rdata_x3[63:0]' declared but not read.[Hierarchy: ':IEC_top:u_delT@delT']
[1A]     W240                                     Warning     ../sub_module/fft/hdl/bpe.v                                                     36      10    NA                     Input 'o_rdy' declared but not read.[Hierarchy: ':IEC_top:u_fft@fft:u_bpe0@bpe']
[26]     W240                                     Warning     ../sub_module/fp64_recip/hdl/fp64_recip.v                                       5       10    NA                     Input 'srst_n' declared but not read.[Hierarchy: ':IEC_top:fp_recip_U0@fp64_reciprocal']
[11]     W287b                                    Warning     ../hdl/IEC_top.v                                                                2420    5     2                      Instance output port 'sramA_csb' is not connected. For similar '2' violations of module 'fft', please refer to the spreadsheet for details
[13]     W287b                                    Warning     ../hdl/IEC_top.v                                                                3313    5     2                      Instance output port 'result_int' is not connected. For similar '2' violations of module 'mul', please refer to the spreadsheet for details
[17]     W528                                     Warning     ../hdl/IEC_top.v                                                                1882    10    NA                     Variable 'trans_flag_y_d1' set but not read.[Hierarchy: ':IEC_top']
[16]     W528                                     Warning     ../hdl/IEC_top.v                                                                1929    10    NA                     Variable 'dont_fresh_d7_d8' set but not read.[Hierarchy: ':IEC_top']
[1C]     W528                                     Warning     ../sub_module/fft/hdl/bpe.v                                                     324     10    NA                     Variable 'mul_result_int_wire[127:0]' set but not read.[Hierarchy: ':IEC_top:u_fft@fft:u_bpe0@bpe']
[1D]     W528                                     Warning     ../sub_module/fft/hdl/bpe.v                                                     388     10    NA                     Variable 'fp_add_out_valid[3:0]' set but not read.[Hierarchy: ':IEC_top:u_fft@fft:u_bpe0@bpe']
[18]     W528                                     Warning     ../sub_module/fft/hdl/fft.v                                                     1434    10    NA                     Variable 'bpe0_i_rdy' set but not read.[Hierarchy: ':IEC_top:u_fft@fft']
[19]     W528                                     Warning     ../sub_module/fft/hdl/fft.v                                                     1481    10    NA                     Variable 'bpe1_i_rdy' set but not read.[Hierarchy: ':IEC_top:u_fft@fft']
[15]     W528                                     Warning     ../sub_module/mul/hdl/CLA17.v                                                   38      10    NA                     Variable 'stage0_Cin' set but not read.[Hierarchy: ':mont_sub:CLA17_1@CLA17']
[25]     W528                                     Warning     ../sub_module/mul/hdl/CLA33.v                                                   38      10    NA                     Variable 'stage0_Cin' set but not read.[Hierarchy: ':IEC_top:mul_U0@mul:CLA33_1@CLA33']
[22]     W528                                     Warning     ../sub_module/mul/hdl/mul.v                                                     256     10    NA                     Variable 'a_im[63:0]' set but not read.[Hierarchy: ':IEC_top:mul_U0@mul']
[20]     W528                                     Warning     ../sub_module/mul/hdl/mul.v                                                     415     10    NA                     Variable 'wallace_out_valid[2:0]' set but not read.[Hierarchy: ':IEC_top:mul_U0@mul']
[1E]     W528                                     Warning     ../sub_module/mul/hdl/mul.v                                                     432     10    NA                     Variable 'complex_mode' set but not read.[Hierarchy: ':IEC_top:mul_U0@mul']
[1F]     W528                                     Warning     ../sub_module/mul/hdl/mul.v                                                     433     10    NA                     Variable 'float_mode' set but not read.[Hierarchy: ':IEC_top:mul_U0@mul']
[21]     W528                                     Warning     ../sub_module/mul/hdl/mul.v                                                     570     10    NA                     Variable 'mont_n_valid[7:0]' set but not read.[Hierarchy: ':IEC_top:mul_U0@mul']
[24]     W528                                     Warning     ../sub_module/mul/hdl/mul16_array_ntt.v                                         182     10    NA                     Variable 'partA'(64 bits) set but not read.[Hierarchy: ':IEC_top:mul_U0@mul:mul16_array_a@mul16_array_ntt']
[23]     W528                                     Warning     ../sub_module/mul/hdl/mul16_array_ntt.v                                         187     10    NA                     Variable 'partB'(64 bits) set but not read.[Hierarchy: ':IEC_top:mul_U0@mul:mul16_array_a@mul16_array_ntt']
[37]     W240                                     Info        ./spyglass-1/lint/lint_turbo_rtl/spyglass_reports/lint/SignalUsageReport.rpt    0       10    NA                     Please refer to 'SignalUsageReport.rpt' for details of violating bits
[1B]     W528                                     Info        ./spyglass-1/lint/lint_turbo_rtl/spyglass_reports/lint/SignalUsageReport.rpt    0       10    NA                     Please refer to 'SignalUsageReport.rpt' for details of violating bits
+++++++++++++++++++++++++++++++++++++++++++++++++++++++++++++++++++++++++++++++++++++++++++++++++++++++++++++++++++++++

################################################################################
#
# This file has been generated by SpyGlass:
#     Report Name      : moresimple
#     Report Created by: u110022124
#     Report Created on:  Fri Dec 26 21:20:54 2025
#     Working Directory: /home/u110/u110022124/ICLAB/Image_Exposure_Correction/spyglass
#     SpyGlass Version : SpyGlass_vR-2020.12-SP2
#     Policy Name      : SpyGlass(SpyGlass_vR-2020.12-SP2)
#                        auto-verify(SpyGlass_vR-2020.12-SP2)
#
#     Total Number of Generated Messages :         14
#     Number of Waived Messages          :          0
#     Number of Reported Messages        :         14
#     Number of Overlimit Messages       :          0
#
#
################################################################################

+++++++++++++++++++++++++++++++++++++++++++++++++++++++++++++++++++++++
MORESIMPLE REPORT:
############### FATAL MESSAGES ############### 
+++++++++++++++++++++++++++++++++++++++++++++++++++++++++++++++++++++++++++++++++
ID       Rule             Alias    Severity    File                                Line    Wt    Message
======================================================================================
[D]      Av_multitop01             Fatal       ../sub_module/mul/hdl/mont_sub.v    2       10    Detected '10' top level design units. Please specify a single top level design unit
+++++++++++++++++++++++++++++++++++++++++++++++++++++++++++++++++++++++++++++++++++++++


############### BuiltIn -> RuleGroup=Command-line read ###############
+++++++++++++++++++++++++++++++++++++++++++++++++++++++++++++++++++++++++++++++++++++++
ID       Rule                     Alias          Severity    File    Line    Wt    Message
======================================================================================
[0]      checkCMD_unset_option    UnsetOption    Warning     N.A.    0       10    Option/Parameter 'enable_save_restore': Feature 'save-restore' is not supported with option 'policy=auto-verify'.Disabling all 'save-restore' related options
+++++++++++++++++++++++++++++++++++++++++++++++++++++++++++++++++++++++++++++++++++++++


############### BuiltIn -> RuleGroup=Design Read ###############
+++++++++++++++++++++++++++++++++++++++++++++++++++++++++++++++++++++++++++++++++++++++
ID       Rule                    Alias                   Severity    File                                                                                Line    Wt      Message
======================================================================================
[3]      DetectTopDesignUnits    DetectTopDesignUnits    Info        ../hdl/IEC_top.v                                                                    1       2       Module IEC_top is a top level design unit
[6]      DetectTopDesignUnits    DetectTopDesignUnits    Info        ../sub_module/mul/hdl/LOD_128.v                                                     36      2       Module LOD_128 is a top level design unit
[9]      DetectTopDesignUnits    DetectTopDesignUnits    Info        ../sub_module/mul/hdl/add_12_overflow.v                                             6       2       Module add_12_overflow is a top level design unit
[8]      DetectTopDesignUnits    DetectTopDesignUnits    Info        ../sub_module/mul/hdl/add_53.v                                                      5       2       Module add_53 is a top level design unit
[7]      DetectTopDesignUnits    DetectTopDesignUnits    Info        ../sub_module/mul/hdl/add_54.v                                                      7       2       Module add_54 is a top level design unit
[B]      DetectTopDesignUnits    DetectTopDesignUnits    Info        ../sub_module/mul/hdl/mont_add.v                                                    2       2       Module mont_add is a top level design unit
[C]      DetectTopDesignUnits    DetectTopDesignUnits    Info        ../sub_module/mul/hdl/mont_sub.v                                                    2       2       Module mont_sub is a top level design unit
[5]      DetectTopDesignUnits    DetectTopDesignUnits    Info        ../sub_module/mul/hdl/mul_53.v                                                      1       2       Module mul_53 is a top level design unit
[4]      DetectTopDesignUnits    DetectTopDesignUnits    Info        ../sub_module/mul/hdl/mul_64.v                                                      48      2       Module mul_64 is a top level design unit
[A]      DetectTopDesignUnits    DetectTopDesignUnits    Info        ../sub_module/mul/hdl/sub_107.v                                                     5       2       Module sub_107 is a top level design unit
[1]      WRN_69                  WRN_69                  Warning     ../sub_module/mul/hdl/mul_16.v                                                      42      1000    Compiler directive `timescale found for module 'mul_16' (in the file ../sub_module/mul/hdl/mul_16.v at line 5) while previous modules do not
[2]      ElabSummary             ElabSummary             Info        ./spyglass-1/lint/lint_functional_rtl/spyglass_reports/SpyGlass/elab_summary.rpt    0       2       Please refer file './spyglass-1/lint/lint_functional_rtl/spyglass_reports/SpyGlass/elab_summary.rpt' for elab summary report
+++++++++++++++++++++++++++++++++++++++++++++++++++++++++++++++++++++++++++++++++++++++

################################################################################
#
# This file has been generated by SpyGlass:
#     Report Name      : moresimple
#     Report Created by: u110022124
#     Report Created on:  Fri Dec 26 21:21:01 2025
#     Working Directory: /home/u110/u110022124/ICLAB/Image_Exposure_Correction/spyglass
#     SpyGlass Version : SpyGlass_vR-2020.12-SP2
#     Policy Name      : SpyGlass(SpyGlass_vR-2020.12-SP2)
#                        lint(SpyGlass_vR-2020.12-SP2)
#
#     Total Number of Generated Messages :         22
#     Number of Waived Messages          :          0
#     Number of Reported Messages        :         22
#     Number of Overlimit Messages       :          0
#
#
################################################################################

+++++++++++++++++++++++++++++++++++++++++++++++++++++++++++++++++++++++
MORESIMPLE REPORT:


############### BuiltIn -> RuleGroup=Design Read ###############
+++++++++++++++++++++++++++++++++++++++++++++++++++++++++++++++++++++++++++++++++++++++
ID       Rule                    Alias                   Severity    File                                                                          Line    Wt      Message
======================================================================================
[2]      DetectTopDesignUnits    DetectTopDesignUnits    Info        ../hdl/IEC_top.v                                                              1       2       Module IEC_top is a top level design unit
[5]      DetectTopDesignUnits    DetectTopDesignUnits    Info        ../sub_module/mul/hdl/LOD_128.v                                               36      2       Module LOD_128 is a top level design unit
[8]      DetectTopDesignUnits    DetectTopDesignUnits    Info        ../sub_module/mul/hdl/add_12_overflow.v                                       6       2       Module add_12_overflow is a top level design unit
[7]      DetectTopDesignUnits    DetectTopDesignUnits    Info        ../sub_module/mul/hdl/add_53.v                                                5       2       Module add_53 is a top level design unit
[6]      DetectTopDesignUnits    DetectTopDesignUnits    Info        ../sub_module/mul/hdl/add_54.v                                                7       2       Module add_54 is a top level design unit
[A]      DetectTopDesignUnits    DetectTopDesignUnits    Info        ../sub_module/mul/hdl/mont_add.v                                              2       2       Module mont_add is a top level design unit
[B]      DetectTopDesignUnits    DetectTopDesignUnits    Info        ../sub_module/mul/hdl/mont_sub.v                                              2       2       Module mont_sub is a top level design unit
[4]      DetectTopDesignUnits    DetectTopDesignUnits    Info        ../sub_module/mul/hdl/mul_53.v                                                1       2       Module mul_53 is a top level design unit
[3]      DetectTopDesignUnits    DetectTopDesignUnits    Info        ../sub_module/mul/hdl/mul_64.v                                                48      2       Module mul_64 is a top level design unit
[9]      DetectTopDesignUnits    DetectTopDesignUnits    Info        ../sub_module/mul/hdl/sub_107.v                                               5       2       Module sub_107 is a top level design unit
[1]      WRN_69                  WRN_69                  Warning     ../sub_module/mul/hdl/mul_16.v                                                42      1000    Compiler directive `timescale found for module 'mul_16' (in the file ../sub_module/mul/hdl/mul_16.v at line 5) while previous modules do not
[0]      ElabSummary             ElabSummary             Info        ./spyglass-1/lint/lint_abstract/spyglass_reports/SpyGlass/elab_summary.rpt    0       2       Please refer file './spyglass-1/lint/lint_abstract/spyglass_reports/SpyGlass/elab_summary.rpt' for elab summary report
+++++++++++++++++++++++++++++++++++++++++++++++++++++++++++++++++++++++++++++++++++++++


############### Non-BuiltIn -> Goal=lint/lint_abstract ###############
+++++++++++++++++++++++++++++++++++++++++++++++++++++++++++++++++++++++++++++++++++++++
ID       Rule               Alias    Severity    File                                                                                                                                            Line    Wt    Message
======================================================================================
[C]      LINT_abstract01             Info        ./spyglass-1/lint/lint_abstract/spyglass_reports/abstract_view/IEC_top_ADDR_WIDTH_A_8_ADDR_WIDTH_B_8_ADDR_WIDTH_C_6_ADD_1_lint_abstract.sgdc    0       2     Abstract view for design 'IEC_top' succesfully created
[F]      LINT_abstract01             Info        ./spyglass-1/lint/lint_abstract/spyglass_reports/abstract_view/LOD_128_pCOUNTER_WIDTH_11_pDATA_WIDTH_128_lint_abstract.sgdc                     0       2     Abstract view for design 'LOD_128' succesfully created
[12]     LINT_abstract01             Info        ./spyglass-1/lint/lint_abstract/spyglass_reports/abstract_view/add_12_overflow_lint_abstract.sgdc                                               0       2     Abstract view for design 'add_12_overflow' succesfully created
[11]     LINT_abstract01             Info        ./spyglass-1/lint/lint_abstract/spyglass_reports/abstract_view/add_53_lint_abstract.sgdc                                                        0       2     Abstract view for design 'add_53' succesfully created
[10]     LINT_abstract01             Info        ./spyglass-1/lint/lint_abstract/spyglass_reports/abstract_view/add_54_lint_abstract.sgdc                                                        0       2     Abstract view for design 'add_54' succesfully created
[14]     LINT_abstract01             Info        ./spyglass-1/lint/lint_abstract/spyglass_reports/abstract_view/mont_add_pNTT_WIDTH_16_lint_abstract.sgdc                                        0       2     Abstract view for design 'mont_add' succesfully created
[15]     LINT_abstract01             Info        ./spyglass-1/lint/lint_abstract/spyglass_reports/abstract_view/mont_sub_pNTT_WIDTH_16_lint_abstract.sgdc                                        0       2     Abstract view for design 'mont_sub' succesfully created
[E]      LINT_abstract01             Info        ./spyglass-1/lint/lint_abstract/spyglass_reports/abstract_view/mul_53_pDATA_WIDTH_53_lint_abstract.sgdc                                         0       2     Abstract view for design 'mul_53' succesfully created
[D]      LINT_abstract01             Info        ./spyglass-1/lint/lint_abstract/spyglass_reports/abstract_view/mul_64_lint_abstract.sgdc                                                        0       2     Abstract view for design 'mul_64' succesfully created
[13]     LINT_abstract01             Info        ./spyglass-1/lint/lint_abstract/spyglass_reports/abstract_view/sub_107_lint_abstract.sgdc                                                       0       2     Abstract view for design 'sub_107' succesfully created
+++++++++++++++++++++++++++++++++++++++++++++++++++++++++++++++++++++++++++++++++++++++
