Information: Updating design information... (UID-85)
Warning: Design 'fft' contains 1 high-fanout nets. A fanout number of 1000 will be used for delay calculations involving these nets. (TIM-134)
 
****************************************
Report : timing
        -path full
        -delay min
        -max_paths 4
Design : fft
Version: R-2020.09-SP5
Date   : Sat Dec 13 23:08:43 2025
****************************************

 # A fanout number of 1000 was used for high fanout net computations.

Operating Conditions: PVT_1P08V_125C   Library: slow_vdd1v2
Wire Load Model Mode: enclosed

  Startpoint: bpe0_fp_add_12_result[63]
              (input port clocked by clk)
  Endpoint: u_bpe0/bo_buf_reg_1__127_
            (rising edge-triggered flip-flop clocked by clk)
  Path Group: clk
  Path Type: min

  Des/Clust/Port     Wire Load Model       Library
  ------------------------------------------------
  fft                Large                 slow_vdd1v2

  Point                                                   Incr       Path
  --------------------------------------------------------------------------
  clock clk (rise edge)                                   0.00       0.00
  clock network delay (ideal)                             0.00       0.00
  input external delay                                    0.00       0.00 f
  bpe0_fp_add_12_result[63] (in)                          0.00       0.00 f
  u_bpe0/fp_add_12_result[63] (bpe_pDATA_WIDTH128_mydesign_1)
                                                          0.00       0.00 f
  u_bpe0/bo_buf_reg_1__127_/D (DFFRHQX1)                  0.04       0.04 f
  data arrival time                                                  0.04

  clock clk (rise edge)                                   0.00       0.00
  clock network delay (ideal)                             0.00       0.00
  u_bpe0/bo_buf_reg_1__127_/CK (DFFRHQX1)                 0.00       0.00 r
  library hold time                                       0.00       0.00
  data required time                                                 0.00
  --------------------------------------------------------------------------
  data required time                                                 0.00
  data arrival time                                                 -0.04
  --------------------------------------------------------------------------
  slack (MET)                                                        0.04


  Startpoint: bpe0_fp_add_11_result[63]
              (input port clocked by clk)
  Endpoint: u_bpe0/bo_buf_reg_1__63_
            (rising edge-triggered flip-flop clocked by clk)
  Path Group: clk
  Path Type: min

  Des/Clust/Port     Wire Load Model       Library
  ------------------------------------------------
  fft                Large                 slow_vdd1v2

  Point                                                   Incr       Path
  --------------------------------------------------------------------------
  clock clk (rise edge)                                   0.00       0.00
  clock network delay (ideal)                             0.00       0.00
  input external delay                                    0.00       0.00 f
  bpe0_fp_add_11_result[63] (in)                          0.00       0.00 f
  u_bpe0/fp_add_11_result[63] (bpe_pDATA_WIDTH128_mydesign_1)
                                                          0.00       0.00 f
  u_bpe0/bo_buf_reg_1__63_/D (DFFRHQX1)                   0.04       0.04 f
  data arrival time                                                  0.04

  clock clk (rise edge)                                   0.00       0.00
  clock network delay (ideal)                             0.00       0.00
  u_bpe0/bo_buf_reg_1__63_/CK (DFFRHQX1)                  0.00       0.00 r
  library hold time                                       0.00       0.00
  data required time                                                 0.00
  --------------------------------------------------------------------------
  data required time                                                 0.00
  data arrival time                                                 -0.04
  --------------------------------------------------------------------------
  slack (MET)                                                        0.04


  Startpoint: bpe0_fp_add_02_result[63]
              (input port clocked by clk)
  Endpoint: u_bpe0/ao_buf_reg_1__127_
            (rising edge-triggered flip-flop clocked by clk)
  Path Group: clk
  Path Type: min

  Des/Clust/Port     Wire Load Model       Library
  ------------------------------------------------
  fft                Large                 slow_vdd1v2

  Point                                                   Incr       Path
  --------------------------------------------------------------------------
  clock clk (rise edge)                                   0.00       0.00
  clock network delay (ideal)                             0.00       0.00
  input external delay                                    0.00       0.00 f
  bpe0_fp_add_02_result[63] (in)                          0.00       0.00 f
  u_bpe0/fp_add_02_result[63] (bpe_pDATA_WIDTH128_mydesign_1)
                                                          0.00       0.00 f
  u_bpe0/ao_buf_reg_1__127_/D (DFFRHQX1)                  0.04       0.04 f
  data arrival time                                                  0.04

  clock clk (rise edge)                                   0.00       0.00
  clock network delay (ideal)                             0.00       0.00
  u_bpe0/ao_buf_reg_1__127_/CK (DFFRHQX1)                 0.00       0.00 r
  library hold time                                       0.00       0.00
  data required time                                                 0.00
  --------------------------------------------------------------------------
  data required time                                                 0.00
  data arrival time                                                 -0.04
  --------------------------------------------------------------------------
  slack (MET)                                                        0.04


  Startpoint: bpe0_fp_add_01_result[63]
              (input port clocked by clk)
  Endpoint: u_bpe0/ao_buf_reg_1__63_
            (rising edge-triggered flip-flop clocked by clk)
  Path Group: clk
  Path Type: min

  Des/Clust/Port     Wire Load Model       Library
  ------------------------------------------------
  fft                Large                 slow_vdd1v2

  Point                                                   Incr       Path
  --------------------------------------------------------------------------
  clock clk (rise edge)                                   0.00       0.00
  clock network delay (ideal)                             0.00       0.00
  input external delay                                    0.00       0.00 f
  bpe0_fp_add_01_result[63] (in)                          0.00       0.00 f
  u_bpe0/fp_add_01_result[63] (bpe_pDATA_WIDTH128_mydesign_1)
                                                          0.00       0.00 f
  u_bpe0/ao_buf_reg_1__63_/D (DFFRHQX1)                   0.04       0.04 f
  data arrival time                                                  0.04

  clock clk (rise edge)                                   0.00       0.00
  clock network delay (ideal)                             0.00       0.00
  u_bpe0/ao_buf_reg_1__63_/CK (DFFRHQX1)                  0.00       0.00 r
  library hold time                                       0.00       0.00
  data required time                                                 0.00
  --------------------------------------------------------------------------
  data required time                                                 0.00
  data arrival time                                                 -0.04
  --------------------------------------------------------------------------
  slack (MET)                                                        0.04


1
